Archive member included to satisfy reference by file (symbol)

/opt/truestudio/ARMTools/bin/../lib/gcc/arm-atollic-eabi/6.3.1/../../../../arm-atollic-eabi/lib/armv7-m/libc_nano.a(lib_a-init.o)
                              startup/startup_stm32f103xb.o (__libc_init_array)
/opt/truestudio/ARMTools/bin/../lib/gcc/arm-atollic-eabi/6.3.1/../../../../arm-atollic-eabi/lib/armv7-m/libc_nano.a(lib_a-memset.o)
                              Drivers/STM32F1xx_HAL_Driver/Src/stm32f1xx_hal_rcc.o (memset)
/opt/truestudio/ARMTools/bin/../lib/gcc/arm-atollic-eabi/6.3.1/../../../../arm-atollic-eabi/lib/armv7-m/libc_nano.a(lib_a-printf.o)
                              Src/main.o (printf)
/opt/truestudio/ARMTools/bin/../lib/gcc/arm-atollic-eabi/6.3.1/../../../../arm-atollic-eabi/lib/armv7-m/libc_nano.a(lib_a-findfp.o)
                              /opt/truestudio/ARMTools/bin/../lib/gcc/arm-atollic-eabi/6.3.1/../../../../arm-atollic-eabi/lib/armv7-m/libc_nano.a(lib_a-printf.o) (__sinit)
/opt/truestudio/ARMTools/bin/../lib/gcc/arm-atollic-eabi/6.3.1/../../../../arm-atollic-eabi/lib/armv7-m/libc_nano.a(lib_a-fwalk.o)
                              /opt/truestudio/ARMTools/bin/../lib/gcc/arm-atollic-eabi/6.3.1/../../../../arm-atollic-eabi/lib/armv7-m/libc_nano.a(lib_a-findfp.o) (_fwalk)
/opt/truestudio/ARMTools/bin/../lib/gcc/arm-atollic-eabi/6.3.1/../../../../arm-atollic-eabi/lib/armv7-m/libc_nano.a(lib_a-impure.o)
                              /opt/truestudio/ARMTools/bin/../lib/gcc/arm-atollic-eabi/6.3.1/../../../../arm-atollic-eabi/lib/armv7-m/libc_nano.a(lib_a-findfp.o) (_global_impure_ptr)
/opt/truestudio/ARMTools/bin/../lib/gcc/arm-atollic-eabi/6.3.1/../../../../arm-atollic-eabi/lib/armv7-m/libc_nano.a(lib_a-nano-mallocr.o)
                              /opt/truestudio/ARMTools/bin/../lib/gcc/arm-atollic-eabi/6.3.1/../../../../arm-atollic-eabi/lib/armv7-m/libc_nano.a(lib_a-findfp.o) (_malloc_r)
/opt/truestudio/ARMTools/bin/../lib/gcc/arm-atollic-eabi/6.3.1/../../../../arm-atollic-eabi/lib/armv7-m/libc_nano.a(lib_a-nano-vfprintf.o)
                              /opt/truestudio/ARMTools/bin/../lib/gcc/arm-atollic-eabi/6.3.1/../../../../arm-atollic-eabi/lib/armv7-m/libc_nano.a(lib_a-printf.o) (_vfprintf_r)
/opt/truestudio/ARMTools/bin/../lib/gcc/arm-atollic-eabi/6.3.1/../../../../arm-atollic-eabi/lib/armv7-m/libc_nano.a(lib_a-nano-vfprintf_i.o)
                              /opt/truestudio/ARMTools/bin/../lib/gcc/arm-atollic-eabi/6.3.1/../../../../arm-atollic-eabi/lib/armv7-m/libc_nano.a(lib_a-nano-vfprintf.o) (_printf_i)
/opt/truestudio/ARMTools/bin/../lib/gcc/arm-atollic-eabi/6.3.1/../../../../arm-atollic-eabi/lib/armv7-m/libc_nano.a(lib_a-sbrkr.o)
                              /opt/truestudio/ARMTools/bin/../lib/gcc/arm-atollic-eabi/6.3.1/../../../../arm-atollic-eabi/lib/armv7-m/libc_nano.a(lib_a-nano-mallocr.o) (_sbrk_r)
/opt/truestudio/ARMTools/bin/../lib/gcc/arm-atollic-eabi/6.3.1/../../../../arm-atollic-eabi/lib/armv7-m/libc_nano.a(lib_a-stdio.o)
                              /opt/truestudio/ARMTools/bin/../lib/gcc/arm-atollic-eabi/6.3.1/../../../../arm-atollic-eabi/lib/armv7-m/libc_nano.a(lib_a-findfp.o) (__sread)
/opt/truestudio/ARMTools/bin/../lib/gcc/arm-atollic-eabi/6.3.1/../../../../arm-atollic-eabi/lib/armv7-m/libc_nano.a(lib_a-wbuf.o)
                              /opt/truestudio/ARMTools/bin/../lib/gcc/arm-atollic-eabi/6.3.1/../../../../arm-atollic-eabi/lib/armv7-m/libc_nano.a(lib_a-nano-vfprintf.o) (__swbuf_r)
/opt/truestudio/ARMTools/bin/../lib/gcc/arm-atollic-eabi/6.3.1/../../../../arm-atollic-eabi/lib/armv7-m/libc_nano.a(lib_a-writer.o)
                              /opt/truestudio/ARMTools/bin/../lib/gcc/arm-atollic-eabi/6.3.1/../../../../arm-atollic-eabi/lib/armv7-m/libc_nano.a(lib_a-stdio.o) (_write_r)
/opt/truestudio/ARMTools/bin/../lib/gcc/arm-atollic-eabi/6.3.1/../../../../arm-atollic-eabi/lib/armv7-m/libc_nano.a(lib_a-wsetup.o)
                              /opt/truestudio/ARMTools/bin/../lib/gcc/arm-atollic-eabi/6.3.1/../../../../arm-atollic-eabi/lib/armv7-m/libc_nano.a(lib_a-nano-vfprintf.o) (__swsetup_r)
/opt/truestudio/ARMTools/bin/../lib/gcc/arm-atollic-eabi/6.3.1/../../../../arm-atollic-eabi/lib/armv7-m/libc_nano.a(lib_a-closer.o)
                              /opt/truestudio/ARMTools/bin/../lib/gcc/arm-atollic-eabi/6.3.1/../../../../arm-atollic-eabi/lib/armv7-m/libc_nano.a(lib_a-stdio.o) (_close_r)
/opt/truestudio/ARMTools/bin/../lib/gcc/arm-atollic-eabi/6.3.1/../../../../arm-atollic-eabi/lib/armv7-m/libc_nano.a(lib_a-fflush.o)
                              /opt/truestudio/ARMTools/bin/../lib/gcc/arm-atollic-eabi/6.3.1/../../../../arm-atollic-eabi/lib/armv7-m/libc_nano.a(lib_a-findfp.o) (_fflush_r)
/opt/truestudio/ARMTools/bin/../lib/gcc/arm-atollic-eabi/6.3.1/../../../../arm-atollic-eabi/lib/armv7-m/libc_nano.a(lib_a-fvwrite.o)
[...]
Memory Configuration

Name             Origin             Length             Attributes
RAM              0x0000000020000000 0x0000000000005000 xrw
FLASH            0x0000000008000000 0x0000000000020000 xr
*default*        0x0000000000000000 0xffffffffffffffff

Linker script and memory map

LOAD /opt/truestudio/ARMTools/bin/../lib/gcc/arm-atollic-eabi/6.3.1/armv7-m/crti.o
LOAD /opt/truestudio/ARMTools/bin/../lib/gcc/arm-atollic-eabi/6.3.1/armv7-m/crtbegin.o
LOAD Drivers/STM32F1xx_HAL_Driver/Src/stm32f1xx_hal.o
LOAD Drivers/STM32F1xx_HAL_Driver/Src/stm32f1xx_hal_cortex.o
LOAD Drivers/STM32F1xx_HAL_Driver/Src/stm32f1xx_hal_dma.o
LOAD Drivers/STM32F1xx_HAL_Driver/Src/stm32f1xx_hal_flash.o
LOAD Drivers/STM32F1xx_HAL_Driver/Src/stm32f1xx_hal_flash_ex.o
LOAD Drivers/STM32F1xx_HAL_Driver/Src/stm32f1xx_hal_gpio.o
LOAD Drivers/STM32F1xx_HAL_Driver/Src/stm32f1xx_hal_gpio_ex.o
LOAD Drivers/STM32F1xx_HAL_Driver/Src/stm32f1xx_hal_pwr.o
LOAD Drivers/STM32F1xx_HAL_Driver/Src/stm32f1xx_hal_rcc.o
LOAD Drivers/STM32F1xx_HAL_Driver/Src/stm32f1xx_hal_rcc_ex.o
LOAD Drivers/STM32F1xx_HAL_Driver/Src/stm32f1xx_hal_spi.o
LOAD Drivers/STM32F1xx_HAL_Driver/Src/stm32f1xx_hal_spi_ex.o
LOAD Drivers/STM32F1xx_HAL_Driver/Src/stm32f1xx_hal_tim.o
LOAD Drivers/STM32F1xx_HAL_Driver/Src/stm32f1xx_hal_tim_ex.o
LOAD Drivers/STM32F1xx_HAL_Driver/Src/stm32f1xx_hal_uart.o
LOAD Middlewares/Third_Party/FatFs/src/diskio.o
LOAD Middlewares/Third_Party/FatFs/src/ff.o
LOAD Middlewares/Third_Party/FatFs/src/ff_gen_drv.o
LOAD Middlewares/Third_Party/FatFs/src/option/ccsbcs.o
LOAD Middlewares/Third_Party/FatFs/src/option/syscall.o
LOAD Src/fatfs.o
LOAD Src/gpio.o
LOAD Src/main.o
LOAD Src/spi.o
LOAD Src/stm32f1xx_hal_msp.o
LOAD Src/stm32f1xx_it.o
LOAD Src/system_stm32f1xx.o
LOAD Src/usart.o
LOAD Src/user_diskio.o
LOAD startup/startup_stm32f103xb.o
                0x0000000000000080                malloc_getpagesize_P = 0x80
START GROUP
LOAD /opt/truestudio/ARMTools/bin/../lib/gcc/arm-atollic-eabi/6.3.1/../../../../arm-atollic-eabi/lib/armv7-m/libc_nano.a
LOAD /opt/truestudio/ARMTools/bin/../lib/gcc/arm-atollic-eabi/6.3.1/../../../../arm-atollic-eabi/lib/armv7-m/libm.a
END GROUP
START GROUP
LOAD /opt/truestudio/ARMTools/bin/../lib/gcc/arm-atollic-eabi/6.3.1/armv7-m/libgcc.a
LOAD /opt/truestudio/ARMTools/bin/../lib/gcc/arm-atollic-eabi/6.3.1/../../../../arm-atollic-eabi/lib/armv7-m/libc_nano.a
END GROUP
START GROUP
LOAD /opt/truestudio/ARMTools/bin/../lib/gcc/arm-atollic-eabi/6.3.1/armv7-m/libgcc.a
LOAD /opt/truestudio/ARMTools/bin/../lib/gcc/arm-atollic-eabi/6.3.1/../../../../arm-atollic-eabi/lib/armv7-m/libc_nano.a
LOAD /opt/truestudio/ARMTools/bin/../lib/gcc/arm-atollic-eabi/6.3.1/../../../../arm-atollic-eabi/lib/armv7-m/libnosys.a
END GROUP
START GROUP
LOAD /opt/truestudio/ARMTools/bin/../lib/gcc/arm-atollic-eabi/6.3.1/armv7-m/libgcc.a
LOAD /opt/truestudio/ARMTools/bin/../lib/gcc/arm-atollic-eabi/6.3.1/../../../../arm-atollic-eabi/lib/armv7-m/libc_nano.a
LOAD /opt/truestudio/ARMTools/bin/../lib/gcc/arm-atollic-eabi/6.3.1/../../../../arm-atollic-eabi/lib/armv7-m/libnosys.a
END GROUP
LOAD /opt/truestudio/ARMTools/bin/../lib/gcc/arm-atollic-eabi/6.3.1/armv7-m/crtend.o
LOAD /opt/truestudio/ARMTools/bin/../lib/gcc/arm-atollic-eabi/6.3.1/armv7-m/crtn.o
                0x0000000020005000                _estack = 0x20005000
                0x0000000000000200                _Min_Heap_Size = 0x200
                0x0000000000000400                _Min_Stack_Size = 0x400

.isr_vector     0x0000000008000000      0x10c
                0x0000000008000000                . = ALIGN (0x4)
 *(.isr_vector)
 .isr_vector    0x0000000008000000      0x10c startup/startup_stm32f103xb.o
                0x0000000008000000                g_pfnVectors
                0x000000000800010c                . = ALIGN (0x4)

.text           0x000000000800010c     0x2398
                0x000000000800010c                . = ALIGN (0x4)
 *(.text)
 .text          0x000000000800010c       0x40 /opt/truestudio/ARMTools/bin/../lib/gcc/arm-atollic-eabi/6.3.1/armv7-m/crtbegin.o
 *(.text*)
 .text.HAL_InitTick
                0x000000000800014c       0x48 Drivers/STM32F1xx_HAL_Driver/Src/stm32f1xx_hal.o
                0x000000000800014c                HAL_InitTick
 .text.HAL_Init
                0x0000000008000194       0x24 Drivers/STM32F1xx_HAL_Driver/Src/stm32f1xx_hal.o
                0x0000000008000194                HAL_Init
 .text.HAL_IncTick
                0x00000000080001b8       0x18 Drivers/STM32F1xx_HAL_Driver/Src/stm32f1xx_hal.o
                0x00000000080001b8                HAL_IncTick
 .text.HAL_GetTick
                0x00000000080001d0        0xc Drivers/STM32F1xx_HAL_Driver/Src/stm32f1xx_hal.o
                0x00000000080001d0                HAL_GetTick
 .text.HAL_NVIC_SetPriorityGrouping
                0x00000000080001dc       0x24 Drivers/STM32F1xx_HAL_Driver/Src/stm32f1xx_hal_cortex.o
                0x00000000080001dc                HAL_NVIC_SetPriorityGrouping
 .text.HAL_NVIC_SetPriority
                0x0000000008000200       0x68 Drivers/STM32F1xx_HAL_Driver/Src/stm32f1xx_hal_cortex.o
                0x0000000008000200                HAL_NVIC_SetPriority
 .text.HAL_NVIC_EnableIRQ
                0x0000000008000268       0x18 Drivers/STM32F1xx_HAL_Driver/Src/stm32f1xx_hal_cortex.o
                0x0000000008000268                HAL_NVIC_EnableIRQ
 .text.HAL_SYSTICK_Config
                0x0000000008000280       0x2c Drivers/STM32F1xx_HAL_Driver/Src/stm32f1xx_hal_cortex.o
                0x0000000008000280                HAL_SYSTICK_Config
 .text.HAL_SYSTICK_CLKSourceConfig
                0x00000000080002ac       0x18 Drivers/STM32F1xx_HAL_Driver/Src/stm32f1xx_hal_cortex.o
                0x00000000080002ac                HAL_SYSTICK_CLKSourceConfig
 .text.HAL_SYSTICK_Callback
                0x00000000080002c4        0x2 Drivers/STM32F1xx_HAL_Driver/Src/stm32f1xx_hal_cortex.o
                0x00000000080002c4                HAL_SYSTICK_Callback
 .text.HAL_SYSTICK_IRQHandler
                0x00000000080002c6        0x8 Drivers/STM32F1xx_HAL_Driver/Src/stm32f1xx_hal_cortex.o
                0x00000000080002c6                HAL_SYSTICK_IRQHandler
 *fill*         0x00000000080002ce        0x2 
 .text.HAL_GPIO_Init
                0x00000000080002d0      0x1c0 Drivers/STM32F1xx_HAL_Driver/Src/stm32f1xx_hal_gpio.o
                0x00000000080002d0                HAL_GPIO_Init
 .text.HAL_GPIO_WritePin
                0x0000000008000490        0xa Drivers/STM32F1xx_HAL_Driver/Src/stm32f1xx_hal_gpio.o
                0x0000000008000490                HAL_GPIO_WritePin
 .text.HAL_GPIO_EXTI_Callback
                0x000000000800049a        0x2 Drivers/STM32F1xx_HAL_Driver/Src/stm32f1xx_hal_gpio.o
                0x000000000800049a                HAL_GPIO_EXTI_Callback
 .text.HAL_GPIO_EXTI_IRQHandler
                0x000000000800049c       0x18 Drivers/STM32F1xx_HAL_Driver/Src/stm32f1xx_hal_gpio.o
                0x000000000800049c                HAL_GPIO_EXTI_IRQHandler
 .text.HAL_RCC_OscConfig
                0x00000000080004b4      0x318 Drivers/STM32F1xx_HAL_Driver/Src/stm32f1xx_hal_rcc.o
                0x00000000080004b4                HAL_RCC_OscConfig
 .text.HAL_RCC_GetSysClockFreq
                0x00000000080007cc       0x78 Drivers/STM32F1xx_HAL_Driver/Src/stm32f1xx_hal_rcc.o
                0x00000000080007cc                HAL_RCC_GetSysClockFreq
 .text.HAL_RCC_ClockConfig
                0x0000000008000844      0x148 Drivers/STM32F1xx_HAL_Driver/Src/stm32f1xx_hal_rcc.o
                0x0000000008000844                HAL_RCC_ClockConfig
 .text.HAL_RCC_GetHCLKFreq
                0x000000000800098c        0xc Drivers/STM32F1xx_HAL_Driver/Src/stm32f1xx_hal_rcc.o
                0x000000000800098c                HAL_RCC_GetHCLKFreq
 .text.HAL_RCC_GetPCLK1Freq
                0x0000000008000998       0x20 Drivers/STM32F1xx_HAL_Driver/Src/stm32f1xx_hal_rcc.o
                0x0000000008000998                HAL_RCC_GetPCLK1Freq
 .text.HAL_RCC_GetPCLK2Freq
                0x00000000080009b8       0x20 Drivers/STM32F1xx_HAL_Driver/Src/stm32f1xx_hal_rcc.o
                0x00000000080009b8                HAL_RCC_GetPCLK2Freq
 .text.HAL_SPI_Init
                0x00000000080009d8       0x76 Drivers/STM32F1xx_HAL_Driver/Src/stm32f1xx_hal_spi_ex.o
                0x00000000080009d8                HAL_SPI_Init
 *fill*         0x0000000008000a4e        0x2 
 .text.UART_SetConfig
                0x0000000008000a50      0x13c Drivers/STM32F1xx_HAL_Driver/Src/stm32f1xx_hal_uart.o
 .text.HAL_UART_Init
                0x0000000008000b8c       0x5c Drivers/STM32F1xx_HAL_Driver/Src/stm32f1xx_hal_uart.o
                0x0000000008000b8c                HAL_UART_Init
 .text.disk_status
                0x0000000008000be8       0x14 Middlewares/Third_Party/FatFs/src/diskio.o
                0x0000000008000be8                disk_status
 .text.disk_initialize
                0x0000000008000bfc       0x20 Middlewares/Third_Party/FatFs/src/diskio.o
                0x0000000008000bfc                disk_initialize
 .text.disk_read
                0x0000000008000c1c       0x1c Middlewares/Third_Party/FatFs/src/diskio.o
                0x0000000008000c1c                disk_read
 .text.disk_write
                0x0000000008000c38       0x1c Middlewares/Third_Party/FatFs/src/diskio.o
                0x0000000008000c38                disk_write
 .text.disk_ioctl
                0x0000000008000c54       0x18 Middlewares/Third_Party/FatFs/src/diskio.o
                0x0000000008000c54                disk_ioctl
 .text.get_ldnumber
                0x0000000008000c6c       0x30 Middlewares/Third_Party/FatFs/src/ff.o
 .text.sync_window.part.1
                0x0000000008000c9c       0x68 Middlewares/Third_Party/FatFs/src/ff.o
 .text.sync_window
                0x0000000008000d04       0x10 Middlewares/Third_Party/FatFs/src/ff.o
 .text.move_window
                0x0000000008000d14       0x3c Middlewares/Third_Party/FatFs/src/ff.o
 .text.check_fs
                0x0000000008000d50       0x5c Middlewares/Third_Party/FatFs/src/ff.o
 .text.find_volume
                0x0000000008000dac      0x2fc Middlewares/Third_Party/FatFs/src/ff.o
 .text.f_mount  0x00000000080010a8       0x70 Middlewares/Third_Party/FatFs/src/ff.o
                0x00000000080010a8                f_mount
 .text.FATFS_LinkDriverEx
                0x0000000008001118       0x44 Middlewares/Third_Party/FatFs/src/ff_gen_drv.o
                0x0000000008001118                FATFS_LinkDriverEx
 .text.FATFS_LinkDriver
                0x000000000800115c        0x6 Middlewares/Third_Party/FatFs/src/ff_gen_drv.o
                0x000000000800115c                FATFS_LinkDriver
 *fill*         0x0000000008001162        0x2 
 .text.MX_FATFS_Init
                0x0000000008001164       0x1c Src/fatfs.o
                0x0000000008001164                MX_FATFS_Init
 .text.MX_GPIO_Init
                0x0000000008001180       0xac Src/gpio.o
                0x0000000008001180                MX_GPIO_Init
 .text.SystemClock_Config
                0x000000000800122c       0x72 Src/main.o
                0x000000000800122c                SystemClock_Config
 *fill*         0x000000000800129e        0x2 
 .text.startup.main
                0x00000000080012a0       0x60 Src/main.o
                0x00000000080012a0                main
 .text._Error_Handler
                0x0000000008001300        0x2 Src/main.o
                0x0000000008001300                _Error_Handler
 *fill*         0x0000000008001302        0x2 
 .text.MX_SPI1_Init
                0x0000000008001304       0x4c Src/spi.o
                0x0000000008001304                MX_SPI1_Init
 .text.HAL_SPI_MspInit
                0x0000000008001350       0x54 Src/spi.o
                0x0000000008001350                HAL_SPI_MspInit
 .text.HAL_MspInit
                0x00000000080013a4       0xa0 Src/stm32f1xx_hal_msp.o
                0x00000000080013a4                HAL_MspInit
 .text.NMI_Handler
                0x0000000008001444        0x2 Src/stm32f1xx_it.o
                0x0000000008001444                NMI_Handler
 .text.HardFault_Handler
                0x0000000008001446        0x2 Src/stm32f1xx_it.o
                0x0000000008001446                HardFault_Handler
 .text.MemManage_Handler
                0x0000000008001448        0x2 Src/stm32f1xx_it.o
                0x0000000008001448                MemManage_Handler
 .text.BusFault_Handler
                0x000000000800144a        0x2 Src/stm32f1xx_it.o
                0x000000000800144a                BusFault_Handler
 .text.UsageFault_Handler
                0x000000000800144c        0x2 Src/stm32f1xx_it.o
                0x000000000800144c                UsageFault_Handler
 .text.SVC_Handler
                0x000000000800144e        0x2 Src/stm32f1xx_it.o
                0x000000000800144e                SVC_Handler
 .text.DebugMon_Handler
                0x0000000008001450        0x2 Src/stm32f1xx_it.o
                0x0000000008001450                DebugMon_Handler
 .text.PendSV_Handler
                0x0000000008001452        0x2 Src/stm32f1xx_it.o
                0x0000000008001452                PendSV_Handler
 .text.SysTick_Handler
                0x0000000008001454        0xe Src/stm32f1xx_it.o
                0x0000000008001454                SysTick_Handler
 .text.EXTI15_10_IRQHandler
                0x0000000008001462        0x8 Src/stm32f1xx_it.o
                0x0000000008001462                EXTI15_10_IRQHandler
 *fill*         0x000000000800146a        0x2 
 .text.SystemInit
                0x000000000800146c       0x4c Src/system_stm32f1xx.o
                0x000000000800146c                SystemInit
 .text.MX_USART2_UART_Init
                0x00000000080014b8       0x40 Src/usart.o
                0x00000000080014b8                MX_USART2_UART_Init
 .text.HAL_UART_MspInit
                0x00000000080014f8       0x40 Src/usart.o
                0x00000000080014f8                HAL_UART_MspInit
 .text.USER_status
                0x0000000008001538       0x10 Src/user_diskio.o
                0x0000000008001538                USER_status
 .text.USER_write
                0x0000000008001548        0x4 Src/user_diskio.o
                0x0000000008001548                USER_write
 .text.USER_ioctl
                0x000000000800154c        0x4 Src/user_diskio.o
                0x000000000800154c                USER_ioctl
 .text.USER_read
                0x0000000008001550        0x4 Src/user_diskio.o
                0x0000000008001550                USER_read
 .text.USER_initialize
                0x0000000008001554       0x10 Src/user_diskio.o
                0x0000000008001554                USER_initialize
 .text.Reset_Handler
                0x0000000008001564       0x48 startup/startup_stm32f103xb.o
                0x0000000008001564                Reset_Handler
 .text.Default_Handler
                0x00000000080015ac        0x2 startup/startup_stm32f103xb.o
                0x00000000080015ac                RTC_Alarm_IRQHandler
                0x00000000080015ac                EXTI2_IRQHandler
                0x00000000080015ac                TIM1_CC_IRQHandler
                0x00000000080015ac                PVD_IRQHandler
                0x00000000080015ac                EXTI3_IRQHandler
                0x00000000080015ac                EXTI0_IRQHandler
                0x00000000080015ac                I2C2_EV_IRQHandler
                0x00000000080015ac                ADC1_2_IRQHandler
                0x00000000080015ac                SPI1_IRQHandler
                0x00000000080015ac                TAMPER_IRQHandler
                0x00000000080015ac                DMA1_Channel4_IRQHandler
                0x00000000080015ac                USART3_IRQHandler
                0x00000000080015ac                RTC_IRQHandler
                0x00000000080015ac                DMA1_Channel7_IRQHandler
                0x00000000080015ac                CAN1_RX1_IRQHandler
                0x00000000080015ac                TIM4_IRQHandler
                0x00000000080015ac                I2C1_EV_IRQHandler
                0x00000000080015ac                DMA1_Channel6_IRQHandler
                0x00000000080015ac                TIM3_IRQHandler
                0x00000000080015ac                RCC_IRQHandler
                0x00000000080015ac                TIM1_TRG_COM_IRQHandler
                0x00000000080015ac                DMA1_Channel1_IRQHandler
                0x00000000080015ac                Default_Handler
                0x00000000080015ac                EXTI9_5_IRQHandler
                0x00000000080015ac                SPI2_IRQHandler
                0x00000000080015ac                DMA1_Channel5_IRQHandler
                0x00000000080015ac                EXTI4_IRQHandler
                0x00000000080015ac                USB_LP_CAN1_RX0_IRQHandler
                0x00000000080015ac                USB_HP_CAN1_TX_IRQHandler
                0x00000000080015ac                DMA1_Channel3_IRQHandler
                0x00000000080015ac                TIM1_UP_IRQHandler
                0x00000000080015ac                WWDG_IRQHandler
                0x00000000080015ac                TIM2_IRQHandler
                0x00000000080015ac                TIM1_BRK_IRQHandler
                0x00000000080015ac                EXTI1_IRQHandler
                0x00000000080015ac                USART2_IRQHandler
                0x00000000080015ac                I2C2_ER_IRQHandler
                0x00000000080015ac                DMA1_Channel2_IRQHandler
                0x00000000080015ac                CAN1_SCE_IRQHandler
                0x00000000080015ac                FLASH_IRQHandler
                0x00000000080015ac                USART1_IRQHandler
                0x00000000080015ac                I2C1_ER_IRQHandler
                0x00000000080015ac                USBWakeUp_IRQHandler
 *fill*         0x00000000080015ae        0x2 
 .text.__libc_init_array
                0x00000000080015b0       0x48 /opt/truestudio/ARMTools/bin/../lib/gcc/arm-atollic-eabi/6.3.1/../../../../arm-atollic-eabi/lib/armv7-m/libc_nano.a(lib_a-init.o)
                0x00000000080015b0                __libc_init_array
 .text.memset   0x00000000080015f8       0x10 /opt/truestudio/ARMTools/bin/../lib/gcc/arm-atollic-eabi/6.3.1/../../../../arm-atollic-eabi/lib/armv7-m/libc_nano.a(lib_a-memset.o)
                0x00000000080015f8                memset
 .text.printf   0x0000000008001608       0x30 /opt/truestudio/ARMTools/bin/../lib/gcc/arm-atollic-eabi/6.3.1/../../../../arm-atollic-eabi/lib/armv7-m/libc_nano.a(lib_a-printf.o)
                0x0000000008001608                printf
                0x0000000008001608                iprintf
 .text._cleanup_r
                0x0000000008001638        0xc /opt/truestudio/ARMTools/bin/../lib/gcc/arm-atollic-eabi/6.3.1/../../../../arm-atollic-eabi/lib/armv7-m/libc_nano.a(lib_a-findfp.o)
                0x0000000008001638                _cleanup_r
 .text.std.isra.0
                0x0000000008001644       0x48 /opt/truestudio/ARMTools/bin/../lib/gcc/arm-atollic-eabi/6.3.1/../../../../arm-atollic-eabi/lib/armv7-m/libc_nano.a(lib_a-findfp.o)
 .text.__sfmoreglue
                0x000000000800168c       0x2c /opt/truestudio/ARMTools/bin/../lib/gcc/arm-atollic-eabi/6.3.1/../../../../arm-atollic-eabi/lib/armv7-m/libc_nano.a(lib_a-findfp.o)
                0x000000000800168c                __sfmoreglue
 .text.__sinit  0x00000000080016b8       0x60 /opt/truestudio/ARMTools/bin/../lib/gcc/arm-atollic-eabi/6.3.1/../../../../arm-atollic-eabi/lib/armv7-m/libc_nano.a(lib_a-findfp.o)
                0x00000000080016b8                __sinit
 .text.__sfp    0x0000000008001718       0x78 /opt/truestudio/ARMTools/bin/../lib/gcc/arm-atollic-eabi/6.3.1/../../../../arm-atollic-eabi/lib/armv7-m/libc_nano.a(lib_a-findfp.o)
                0x0000000008001718                __sfp
 .text._fwalk_reent
                0x0000000008001790       0x3c /opt/truestudio/ARMTools/bin/../lib/gcc/arm-atollic-eabi/6.3.1/../../../../arm-atollic-eabi/lib/armv7-m/libc_nano.a(lib_a-fwalk.o)
                0x0000000008001790                _fwalk_reent
 .text._malloc_r
                0x00000000080017cc       0xbc /opt/truestudio/ARMTools/bin/../lib/gcc/arm-atollic-eabi/6.3.1/../../../../arm-atollic-eabi/lib/armv7-m/libc_nano.a(lib_a-nano-mallocr.o)
                0x00000000080017cc                _malloc_r
 .text.__sfputc_r
                0x0000000008001888       0x2c /opt/truestudio/ARMTools/bin/../lib/gcc/arm-atollic-eabi/6.3.1/../../../../arm-atollic-eabi/lib/armv7-m/libc_nano.a(lib_a-nano-vfprintf.o)
 .text.__sfputs_r
                0x00000000080018b4       0x24 /opt/truestudio/ARMTools/bin/../lib/gcc/arm-atollic-eabi/6.3.1/../../../../arm-atollic-eabi/lib/armv7-m/libc_nano.a(lib_a-nano-vfprintf.o)
                0x00000000080018b4                __sfputs_r
 .text._vfprintf_r
                0x00000000080018d8      0x22c /opt/truestudio/ARMTools/bin/../lib/gcc/arm-atollic-eabi/6.3.1/../../../../arm-atollic-eabi/lib/armv7-m/libc_nano.a(lib_a-nano-vfprintf.o)
                0x00000000080018d8                _vfiprintf_r
                0x00000000080018d8                _vfprintf_r
 .text._printf_common
                0x0000000008001b04       0xee /opt/truestudio/ARMTools/bin/../lib/gcc/arm-atollic-eabi/6.3.1/../../../../arm-atollic-eabi/lib/armv7-m/libc_nano.a(lib_a-nano-vfprintf_i.o)
                0x0000000008001b04                _printf_common
 *fill*         0x0000000008001bf2        0x2 
 .text._printf_i
                0x0000000008001bf4      0x240 /opt/truestudio/ARMTools/bin/../lib/gcc/arm-atollic-eabi/6.3.1/../../../../arm-atollic-eabi/lib/armv7-m/libc_nano.a(lib_a-nano-vfprintf_i.o)
                0x0000000008001bf4                _printf_i
 .text._sbrk_r  0x0000000008001e34       0x20 /opt/truestudio/ARMTools/bin/../lib/gcc/arm-atollic-eabi/6.3.1/../../../../arm-atollic-eabi/lib/armv7-m/libc_nano.a(lib_a-sbrkr.o)
                0x0000000008001e34                _sbrk_r
 .text.__sread  0x0000000008001e54       0x22 /opt/truestudio/ARMTools/bin/../lib/gcc/arm-atollic-eabi/6.3.1/../../../../arm-atollic-eabi/lib/armv7-m/libc_nano.a(lib_a-stdio.o)
                0x0000000008001e54                __sread
 .text.__swrite
                0x0000000008001e76       0x38 /opt/truestudio/ARMTools/bin/../lib/gcc/arm-atollic-eabi/6.3.1/../../../../arm-atollic-eabi/lib/armv7-m/libc_nano.a(lib_a-stdio.o)
                0x0000000008001e76                __swrite
 .text.__sseek  0x0000000008001eae       0x24 /opt/truestudio/ARMTools/bin/../lib/gcc/arm-atollic-eabi/6.3.1/../../../../arm-atollic-eabi/lib/armv7-m/libc_nano.a(lib_a-stdio.o)
                0x0000000008001eae                __sseek
 .text.__sclose
                0x0000000008001ed2        0x8 /opt/truestudio/ARMTools/bin/../lib/gcc/arm-atollic-eabi/6.3.1/../../../../arm-atollic-eabi/lib/armv7-m/libc_nano.a(lib_a-stdio.o)
                0x0000000008001ed2                __sclose
 *fill*         0x0000000008001eda        0x2 
 .text.__swbuf_r
                0x0000000008001edc       0xa4 /opt/truestudio/ARMTools/bin/../lib/gcc/arm-atollic-eabi/6.3.1/../../../../arm-atollic-eabi/lib/armv7-m/libc_nano.a(lib_a-wbuf.o)
                0x0000000008001edc                __swbuf_r
 .text._write_r
                0x0000000008001f80       0x24 /opt/truestudio/ARMTools/bin/../lib/gcc/arm-atollic-eabi/6.3.1/../../../../arm-atollic-eabi/lib/armv7-m/libc_nano.a(lib_a-writer.o)
                0x0000000008001f80                _write_r
 .text.__swsetup_r
                0x0000000008001fa4       0xdc /opt/truestudio/ARMTools/bin/../lib/gcc/arm-atollic-eabi/6.3.1/../../../../arm-atollic-eabi/lib/armv7-m/libc_nano.a(lib_a-wsetup.o)
                0x0000000008001fa4                __swsetup_r
 .text._close_r
                0x0000000008002080       0x20 /opt/truestudio/ARMTools/bin/../lib/gcc/arm-atollic-eabi/6.3.1/../../../../arm-atollic-eabi/lib/armv7-m/libc_nano.a(lib_a-closer.o)
                0x0000000008002080                _close_r
 .text.__sflush_r
                0x00000000080020a0      0x110 /opt/truestudio/ARMTools/bin/../lib/gcc/arm-atollic-eabi/6.3.1/../../../../arm-atollic-eabi/lib/armv7-m/libc_nano.a(lib_a-fflush.o)
                0x00000000080020a0                __sflush_r
 .text._fflush_r
                0x00000000080021b0       0x54 /opt/truestudio/ARMTools/bin/../lib/gcc/arm-atollic-eabi/6.3.1/../../../../arm-atollic-eabi/lib/armv7-m/libc_nano.a(lib_a-fflush.o)
                0x00000000080021b0                _fflush_r
 .text._lseek_r
                0x0000000008002204       0x24 /opt/truestudio/ARMTools/bin/../lib/gcc/arm-atollic-eabi/6.3.1/../../../../arm-atollic-eabi/lib/armv7-m/libc_nano.a(lib_a-lseekr.o)
                0x0000000008002204                _lseek_r
 .text.__swhatbuf_r
                0x0000000008002228       0x48 /opt/truestudio/ARMTools/bin/../lib/gcc/arm-atollic-eabi/6.3.1/../../../../arm-atollic-eabi/lib/armv7-m/libc_nano.a(lib_a-makebuf.o)
                0x0000000008002228                __swhatbuf_r
 .text.__smakebuf_r
                0x0000000008002270       0x80 /opt/truestudio/ARMTools/bin/../lib/gcc/arm-atollic-eabi/6.3.1/../../../../arm-atollic-eabi/lib/armv7-m/libc_nano.a(lib_a-makebuf.o)
                0x0000000008002270                __smakebuf_r
 .text.memchr   0x00000000080022f0       0x1c /opt/truestudio/ARMTools/bin/../lib/gcc/arm-atollic-eabi/6.3.1/../../../../arm-atollic-eabi/lib/armv7-m/libc_nano.a(lib_a-memchr-stub.o)
                0x00000000080022f0                memchr
 .text.__malloc_lock
                0x000000000800230c        0x2 /opt/truestudio/ARMTools/bin/../lib/gcc/arm-atollic-eabi/6.3.1/../../../../arm-atollic-eabi/lib/armv7-m/libc_nano.a(lib_a-mlock.o)
                0x000000000800230c                __malloc_lock
 .text.__malloc_unlock
                0x000000000800230e        0x2 /opt/truestudio/ARMTools/bin/../lib/gcc/arm-atollic-eabi/6.3.1/../../../../arm-atollic-eabi/lib/armv7-m/libc_nano.a(lib_a-mlock.o)
                0x000000000800230e                __malloc_unlock
 .text._free_r  0x0000000008002310       0x98 /opt/truestudio/ARMTools/bin/../lib/gcc/arm-atollic-eabi/6.3.1/../../../../arm-atollic-eabi/lib/armv7-m/libc_nano.a(lib_a-nano-freer.o)
                0x0000000008002310                _free_r
 .text._read_r  0x00000000080023a8       0x24 /opt/truestudio/ARMTools/bin/../lib/gcc/arm-atollic-eabi/6.3.1/../../../../arm-atollic-eabi/lib/armv7-m/libc_nano.a(lib_a-readr.o)
                0x00000000080023a8                _read_r
 .text._fstat_r
                0x00000000080023cc       0x24 /opt/truestudio/ARMTools/bin/../lib/gcc/arm-atollic-eabi/6.3.1/../../../../arm-atollic-eabi/lib/armv7-m/libc_nano.a(lib_a-fstatr.o)
                0x00000000080023cc                _fstat_r
 .text._isatty_r
                0x00000000080023f0       0x20 /opt/truestudio/ARMTools/bin/../lib/gcc/arm-atollic-eabi/6.3.1/../../../../arm-atollic-eabi/lib/armv7-m/libc_nano.a(lib_a-isattyr.o)
                0x00000000080023f0                _isatty_r
 .text._close   0x0000000008002410       0x10 /opt/truestudio/ARMTools/bin/../lib/gcc/arm-atollic-eabi/6.3.1/../../../../arm-atollic-eabi/lib/armv7-m/libnosys.a(close.o)
                0x0000000008002410                _close
 .text._fstat   0x0000000008002420       0x10 /opt/truestudio/ARMTools/bin/../lib/gcc/arm-atollic-eabi/6.3.1/../../../../arm-atollic-eabi/lib/armv7-m/libnosys.a(fstat.o)
                0x0000000008002420                _fstat
 .text._isatty  0x0000000008002430       0x10 /opt/truestudio/ARMTools/bin/../lib/gcc/arm-atollic-eabi/6.3.1/../../../../arm-atollic-eabi/lib/armv7-m/libnosys.a(isatty.o)
                0x0000000008002430                _isatty
 .text._lseek   0x0000000008002440       0x10 /opt/truestudio/ARMTools/bin/../lib/gcc/arm-atollic-eabi/6.3.1/../../../../arm-atollic-eabi/lib/armv7-m/libnosys.a(lseek.o)
                0x0000000008002440                _lseek
 .text._read    0x0000000008002450       0x10 /opt/truestudio/ARMTools/bin/../lib/gcc/arm-atollic-eabi/6.3.1/../../../../arm-atollic-eabi/lib/armv7-m/libnosys.a(read.o)
                0x0000000008002450                _read
 .text._sbrk    0x0000000008002460       0x1c /opt/truestudio/ARMTools/bin/../lib/gcc/arm-atollic-eabi/6.3.1/../../../../arm-atollic-eabi/lib/armv7-m/libnosys.a(sbrk.o)
                0x0000000008002460                _sbrk
 .text._write   0x000000000800247c       0x10 /opt/truestudio/ARMTools/bin/../lib/gcc/arm-atollic-eabi/6.3.1/../../../../arm-atollic-eabi/lib/armv7-m/libnosys.a(write.o)
                0x000000000800247c                _write
 *(.glue_7)
 .glue_7        0x000000000800248c        0x0 linker stubs
 *(.glue_7t)
 .glue_7t       0x000000000800248c        0x0 linker stubs
 *(.eh_frame)
 .eh_frame      0x000000000800248c        0x0 /opt/truestudio/ARMTools/bin/../lib/gcc/arm-atollic-eabi/6.3.1/armv7-m/crtbegin.o
 *(.init)
 .init          0x000000000800248c        0x4 /opt/truestudio/ARMTools/bin/../lib/gcc/arm-atollic-eabi/6.3.1/armv7-m/crti.o
                0x000000000800248c                _init
 .init          0x0000000008002490        0x8 /opt/truestudio/ARMTools/bin/../lib/gcc/arm-atollic-eabi/6.3.1/armv7-m/crtn.o
 *(.fini)
 .fini          0x0000000008002498        0x4 /opt/truestudio/ARMTools/bin/../lib/gcc/arm-atollic-eabi/6.3.1/armv7-m/crti.o
                0x0000000008002498                _fini
 .fini          0x000000000800249c        0x8 /opt/truestudio/ARMTools/bin/../lib/gcc/arm-atollic-eabi/6.3.1/armv7-m/crtn.o
                0x00000000080024a4                . = ALIGN (0x4)
                0x00000000080024a4                _etext = .

.vfp11_veneer   0x00000000080024a4        0x0
 .vfp11_veneer  0x00000000080024a4        0x0 linker stubs

.v4_bx          0x00000000080024a4        0x0
 .v4_bx         0x00000000080024a4        0x0 linker stubs

.iplt           0x00000000080024a4        0x0
 .iplt          0x00000000080024a4        0x0 /opt/truestudio/ARMTools/bin/../lib/gcc/arm-atollic-eabi/6.3.1/armv7-m/crtbegin.o

.rodata         0x00000000080024a4      0x108
                0x00000000080024a4                . = ALIGN (0x4)
 *(.rodata)
 .rodata        0x00000000080024a4       0x10 Drivers/STM32F1xx_HAL_Driver/Src/stm32f1xx_hal_rcc.o
 *(.rodata*)
 .rodata.main.str1.1
                0x00000000080024b4       0x2a Src/main.o
 .rodata.MX_SPI1_Init.str1.1
                0x00000000080024de        0xd Src/spi.o
 .rodata.AHBPrescTable
                0x00000000080024eb       0x10 Src/system_stm32f1xx.o
                0x00000000080024eb                AHBPrescTable
 .rodata.APBPrescTable
                0x00000000080024fb        0x8 Src/system_stm32f1xx.o
                0x00000000080024fb                APBPrescTable
 .rodata.MX_USART2_UART_Init.str1.1
                0x0000000008002503        0xf Src/usart.o
 *fill*         0x0000000008002512        0x2 
 .rodata.__sf_fake_stderr
                0x0000000008002514       0x20 /opt/truestudio/ARMTools/bin/../lib/gcc/arm-atollic-eabi/6.3.1/../../../../arm-atollic-eabi/lib/armv7-m/libc_nano.a(lib_a-findfp.o)
                0x0000000008002514                __sf_fake_stderr
 .rodata.__sf_fake_stdin
                0x0000000008002534       0x20 /opt/truestudio/ARMTools/bin/../lib/gcc/arm-atollic-eabi/6.3.1/../../../../arm-atollic-eabi/lib/armv7-m/libc_nano.a(lib_a-findfp.o)
                0x0000000008002534                __sf_fake_stdin
 .rodata.__sf_fake_stdout
                0x0000000008002554       0x20 /opt/truestudio/ARMTools/bin/../lib/gcc/arm-atollic-eabi/6.3.1/../../../../arm-atollic-eabi/lib/armv7-m/libc_nano.a(lib_a-findfp.o)
                0x0000000008002554                __sf_fake_stdout
 .rodata._global_impure_ptr
                0x0000000008002574        0x4 /opt/truestudio/ARMTools/bin/../lib/gcc/arm-atollic-eabi/6.3.1/../../../../arm-atollic-eabi/lib/armv7-m/libc_nano.a(lib_a-impure.o)
                0x0000000008002574                _global_impure_ptr
 .rodata._vfprintf_r.str1.1
                0x0000000008002578       0x11 /opt/truestudio/ARMTools/bin/../lib/gcc/arm-atollic-eabi/6.3.1/../../../../arm-atollic-eabi/lib/armv7-m/libc_nano.a(lib_a-nano-vfprintf.o)
 .rodata._printf_i.str1.1
                0x0000000008002589       0x22 /opt/truestudio/ARMTools/bin/../lib/gcc/arm-atollic-eabi/6.3.1/../../../../arm-atollic-eabi/lib/armv7-m/libc_nano.a(lib_a-nano-vfprintf_i.o)
                0x00000000080025ac                . = ALIGN (0x4)
 *fill*         0x00000000080025ab        0x1 

.rel.dyn        0x00000000080025ac        0x0
 .rel.iplt      0x00000000080025ac        0x0 /opt/truestudio/ARMTools/bin/../lib/gcc/arm-atollic-eabi/6.3.1/armv7-m/crtbegin.o

.ARM.extab
 *(.ARM.extab* .gnu.linkonce.armextab.*)

.ARM            0x00000000080025ac        0x0
                0x00000000080025ac                __exidx_start = .
 *(.ARM.exidx*)
                0x00000000080025ac                __exidx_end = .

.preinit_array  0x00000000080025ac        0x0
                0x00000000080025ac                PROVIDE (__preinit_array_start, .)
 *(.preinit_array*)
                0x00000000080025ac                PROVIDE (__preinit_array_end, .)

.init_array     0x00000000080025ac        0x4
                0x00000000080025ac                PROVIDE (__init_array_start, .)
 *(SORT(.init_array.*))
 *(.init_array*)
 .init_array    0x00000000080025ac        0x4 /opt/truestudio/ARMTools/bin/../lib/gcc/arm-atollic-eabi/6.3.1/armv7-m/crtbegin.o
                0x00000000080025b0                PROVIDE (__init_array_end, .)

.fini_array     0x00000000080025b0        0x4
                [!provide]                        PROVIDE (__fini_array_start, .)
 *(SORT(.fini_array.*))
 *(.fini_array*)
 .fini_array    0x00000000080025b0        0x4 /opt/truestudio/ARMTools/bin/../lib/gcc/arm-atollic-eabi/6.3.1/armv7-m/crtbegin.o
                [!provide]                        PROVIDE (__fini_array_end, .)
                0x00000000080025b4                _sidata = LOADADDR (.data)

.data           0x0000000020000000       0x88 load address 0x00000000080025b4
                0x0000000020000000                . = ALIGN (0x4)
                0x0000000020000000                _sdata = .
 *(.data)
 *(.data*)
 .data.uwTickFreq
                0x0000000020000000        0x1 Drivers/STM32F1xx_HAL_Driver/Src/stm32f1xx_hal.o
                0x0000000020000000                uwTickFreq
 *fill*         0x0000000020000001        0x3 
 .data.uwTickPrio
                0x0000000020000004        0x4 Drivers/STM32F1xx_HAL_Driver/Src/stm32f1xx_hal.o
                0x0000000020000004                uwTickPrio
 .data.SystemCoreClock
                0x0000000020000008        0x4 Src/system_stm32f1xx.o
                0x0000000020000008                SystemCoreClock
 .data.Stat     0x000000002000000c        0x1 Src/user_diskio.o
 *fill*         0x000000002000000d        0x3 
 .data.USER_Driver
                0x0000000020000010       0x14 Src/user_diskio.o
                0x0000000020000010                USER_Driver
 .data._impure_ptr
                0x0000000020000024        0x4 /opt/truestudio/ARMTools/bin/../lib/gcc/arm-atollic-eabi/6.3.1/../../../../arm-atollic-eabi/lib/armv7-m/libc_nano.a(lib_a-impure.o)
                0x0000000020000024                _impure_ptr
 .data.impure_data
                0x0000000020000028       0x60 /opt/truestudio/ARMTools/bin/../lib/gcc/arm-atollic-eabi/6.3.1/../../../../arm-atollic-eabi/lib/armv7-m/libc_nano.a(lib_a-impure.o)
                0x0000000020000088                . = ALIGN (0x4)
                0x0000000020000088                _edata = .

.igot.plt       0x0000000020000088        0x0 load address 0x000000000800263c
 .igot.plt      0x0000000020000088        0x0 /opt/truestudio/ARMTools/bin/../lib/gcc/arm-atollic-eabi/6.3.1/armv7-m/crtbegin.o
                0x0000000020000088                . = ALIGN (0x4)

.bss            0x0000000020000088     0x2158 load address 0x000000000800263c
                0x0000000020000088                _sbss = .
                0x0000000020000088                __bss_start__ = _sbss
 *(.bss)
 .bss           0x0000000020000088       0x1c /opt/truestudio/ARMTools/bin/../lib/gcc/arm-atollic-eabi/6.3.1/armv7-m/crtbegin.o
 *(.bss*)
 .bss.FatFs     0x00000000200000a4        0x4 Middlewares/Third_Party/FatFs/src/ff.o
 .bss.Files     0x00000000200000a8       0x18 Middlewares/Third_Party/FatFs/src/ff.o
 .bss.Fsid      0x00000000200000c0        0x2 Middlewares/Third_Party/FatFs/src/ff.o
 *fill*         0x00000000200000c2        0x2 
 .bss.disk      0x00000000200000c4        0xc Middlewares/Third_Party/FatFs/src/ff_gen_drv.o
                0x00000000200000c4                disk
 .bss.__malloc_free_list
                0x00000000200000d0        0x4 /opt/truestudio/ARMTools/bin/../lib/gcc/arm-atollic-eabi/6.3.1/../../../../arm-atollic-eabi/lib/armv7-m/libc_nano.a(lib_a-nano-mallocr.o)
                0x00000000200000d0                __malloc_free_list
 .bss.__malloc_sbrk_start
                0x00000000200000d4        0x4 /opt/truestudio/ARMTools/bin/../lib/gcc/arm-atollic-eabi/6.3.1/../../../../arm-atollic-eabi/lib/armv7-m/libc_nano.a(lib_a-nano-mallocr.o)
                0x00000000200000d4                __malloc_sbrk_start
 .bss.heap_end.4116
                0x00000000200000d8        0x4 /opt/truestudio/ARMTools/bin/../lib/gcc/arm-atollic-eabi/6.3.1/../../../../arm-atollic-eabi/lib/armv7-m/libnosys.a(sbrk.o)
 *(COMMON)
 COMMON         0x00000000200000dc        0x4 Drivers/STM32F1xx_HAL_Driver/Src/stm32f1xx_hal.o
                0x00000000200000dc                uwTick
 COMMON         0x00000000200000e0     0x2064 Src/fatfs.o
                0x00000000200000e0                USERPath
                0x00000000200000e4                retUSER
                0x00000000200000e8                USERFile
                0x0000000020001114                USERFatFS
 COMMON         0x0000000020002144       0x58 Src/spi.o
                0x0000000020002144                hspi1
 COMMON         0x000000002000219c       0x40 Src/usart.o
                0x000000002000219c                huart2
 COMMON         0x00000000200021dc        0x4 /opt/truestudio/ARMTools/bin/../lib/gcc/arm-atollic-eabi/6.3.1/../../../../arm-atollic-eabi/lib/armv7-m/libc_nano.a(lib_a-reent.o)
                0x00000000200021dc                errno
                0x00000000200021e0                . = ALIGN (0x4)
                0x00000000200021e0                _ebss = .
                0x00000000200021e0                __bss_end__ = _ebss

._user_heap_stack
                0x00000000200021e0      0x600 load address 0x000000000800263c
                0x00000000200021e0                . = ALIGN (0x4)
                0x00000000200021e0                PROVIDE (end, .)
                [!provide]                        PROVIDE (_end, .)
                0x00000000200023e0                . = (. + _Min_Heap_Size)
 *fill*         0x00000000200021e0      0x200 
                0x00000000200027e0                . = (. + _Min_Stack_Size)
 *fill*         0x00000000200023e0      0x400 
                0x00000000200027e0                . = ALIGN (0x4)

/DISCARD/
 libc.a(*)
 libm.a(*)
 libgcc.a(*)

.ARM.attributes
                0x0000000000000000       0x29
 *(.ARM.attributes)
 .ARM.attributes
                0x0000000000000000       0x1d /opt/truestudio/ARMTools/bin/../lib/gcc/arm-atollic-eabi/6.3.1/armv7-m/crti.o
 .ARM.attributes
                0x000000000000001d       0x2d /opt/truestudio/ARMTools/bin/../lib/gcc/arm-atollic-eabi/6.3.1/armv7-m/crtbegin.o
 .ARM.attributes
                0x000000000000004a       0x33 Drivers/STM32F1xx_HAL_Driver/Src/stm32f1xx_hal.o
 .ARM.attributes
                0x000000000000007d       0x33 Drivers/STM32F1xx_HAL_Driver/Src/stm32f1xx_hal_cortex.o
 .ARM.attributes
                0x00000000000000b0       0x33 Drivers/STM32F1xx_HAL_Driver/Src/stm32f1xx_hal_gpio.o
 .ARM.attributes
                0x00000000000000e3       0x33 Drivers/STM32F1xx_HAL_Driver/Src/stm32f1xx_hal_rcc.o
 .ARM.attributes
                0x0000000000000116       0x33 Drivers/STM32F1xx_HAL_Driver/Src/stm32f1xx_hal_spi_ex.o
 .ARM.attributes
                0x0000000000000149       0x33 Drivers/STM32F1xx_HAL_Driver/Src/stm32f1xx_hal_uart.o
 .ARM.attributes
                0x000000000000017c       0x33 Middlewares/Third_Party/FatFs/src/diskio.o
 .ARM.attributes
                0x00000000000001af       0x33 Middlewares/Third_Party/FatFs/src/ff.o
 .ARM.attributes
                0x00000000000001e2       0x33 Middlewares/Third_Party/FatFs/src/ff_gen_drv.o
 .ARM.attributes
                0x0000000000000215       0x33 Src/fatfs.o
 .ARM.attributes
                0x0000000000000248       0x33 Src/gpio.o
 .ARM.attributes
                0x000000000000027b       0x33 Src/main.o
 .ARM.attributes
                0x00000000000002ae       0x33 Src/spi.o
 .ARM.attributes
                0x00000000000002e1       0x33 Src/stm32f1xx_hal_msp.o
 .ARM.attributes
                0x0000000000000314       0x33 Src/stm32f1xx_it.o
 .ARM.attributes
                0x0000000000000347       0x33 Src/system_stm32f1xx.o
 .ARM.attributes
                0x000000000000037a       0x33 Src/usart.o
 .ARM.attributes
                0x00000000000003ad       0x33 Src/user_diskio.o
 .ARM.attributes
                0x00000000000003e0       0x21 startup/startup_stm32f103xb.o
 .ARM.attributes
                0x0000000000000401       0x2d /opt/truestudio/ARMTools/bin/../lib/gcc/arm-atollic-eabi/6.3.1/../../../../arm-atollic-eabi/lib/armv7-m/libc_nano.a(lib_a-init.o)
 .ARM.attributes
                0x000000000000042e       0x2d /opt/truestudio/ARMTools/bin/../lib/gcc/arm-atollic-eabi/6.3.1/../../../../arm-atollic-eabi/lib/armv7-m/libc_nano.a(lib_a-memset.o)
 .ARM.attributes
                0x000000000000045b       0x2d /opt/truestudio/ARMTools/bin/../lib/gcc/arm-atollic-eabi/6.3.1/../../../../arm-atollic-eabi/lib/armv7-m/libc_nano.a(lib_a-printf.o)
 .ARM.attributes
                0x0000000000000488       0x2d /opt/truestudio/ARMTools/bin/../lib/gcc/arm-atollic-eabi/6.3.1/../../../../arm-atollic-eabi/lib/armv7-m/libc_nano.a(lib_a-findfp.o)
 .ARM.attributes
                0x00000000000004b5       0x2d /opt/truestudio/ARMTools/bin/../lib/gcc/arm-atollic-eabi/6.3.1/../../../../arm-atollic-eabi/lib/armv7-m/libc_nano.a(lib_a-fwalk.o)
 .ARM.attributes
                0x00000000000004e2       0x2d /opt/truestudio/ARMTools/bin/../lib/gcc/arm-atollic-eabi/6.3.1/../../../../arm-atollic-eabi/lib/armv7-m/libc_nano.a(lib_a-impure.o)
 .ARM.attributes
                0x000000000000050f       0x2d /opt/truestudio/ARMTools/bin/../lib/gcc/arm-atollic-eabi/6.3.1/../../../../arm-atollic-eabi/lib/armv7-m/libc_nano.a(lib_a-nano-mallocr.o)
 .ARM.attributes
                0x000000000000053c       0x2d /opt/truestudio/ARMTools/bin/../lib/gcc/arm-atollic-eabi/6.3.1/../../../../arm-atollic-eabi/lib/armv7-m/libc_nano.a(lib_a-nano-vfprintf.o)
 .ARM.attributes
                0x0000000000000569       0x2d /opt/truestudio/ARMTools/bin/../lib/gcc/arm-atollic-eabi/6.3.1/../../../../arm-atollic-eabi/lib/armv7-m/libc_nano.a(lib_a-nano-vfprintf_i.o)
 .ARM.attributes
                0x0000000000000596       0x2d /opt/truestudio/ARMTools/bin/../lib/gcc/arm-atollic-eabi/6.3.1/../../../../arm-atollic-eabi/lib/armv7-m/libc_nano.a(lib_a-sbrkr.o)
 .ARM.attributes
                0x00000000000005c3       0x2d /opt/truestudio/ARMTools/bin/../lib/gcc/arm-atollic-eabi/6.3.1/../../../../arm-atollic-eabi/lib/armv7-m/libc_nano.a(lib_a-stdio.o)
 .ARM.attributes
                0x00000000000005f0       0x2d /opt/truestudio/ARMTools/bin/../lib/gcc/arm-atollic-eabi/6.3.1/../../../../arm-atollic-eabi/lib/armv7-m/libc_nano.a(lib_a-wbuf.o)
 .ARM.attributes
                0x000000000000061d       0x2d /opt/truestudio/ARMTools/bin/../lib/gcc/arm-atollic-eabi/6.3.1/../../../../arm-atollic-eabi/lib/armv7-m/libc_nano.a(lib_a-writer.o)
 .ARM.attributes
                0x000000000000064a       0x2d /opt/truestudio/ARMTools/bin/../lib/gcc/arm-atollic-eabi/6.3.1/../../../../arm-atollic-eabi/lib/armv7-m/libc_nano.a(lib_a-wsetup.o)
 .ARM.attributes
                0x0000000000000677       0x2d /opt/truestudio/ARMTools/bin/../lib/gcc/arm-atollic-eabi/6.3.1/../../../../arm-atollic-eabi/lib/armv7-m/libc_nano.a(lib_a-closer.o)
 .ARM.attributes
                0x00000000000006a4       0x2d /opt/truestudio/ARMTools/bin/../lib/gcc/arm-atollic-eabi/6.3.1/../../../../arm-atollic-eabi/lib/armv7-m/libc_nano.a(lib_a-fflush.o)
 .ARM.attributes
                0x00000000000006d1       0x2d /opt/truestudio/ARMTools/bin/../lib/gcc/arm-atollic-eabi/6.3.1/../../../../arm-atollic-eabi/lib/armv7-m/libc_nano.a(lib_a-lseekr.o)
 .ARM.attributes
                0x00000000000006fe       0x2d /opt/truestudio/ARMTools/bin/../lib/gcc/arm-atollic-eabi/6.3.1/../../../../arm-atollic-eabi/lib/armv7-m/libc_nano.a(lib_a-makebuf.o)
 .ARM.attributes
                0x000000000000072b       0x2d /opt/truestudio/ARMTools/bin/../lib/gcc/arm-atollic-eabi/6.3.1/../../../../arm-atollic-eabi/lib/armv7-m/libc_nano.a(lib_a-memchr-stub.o)
 .ARM.attributes
                0x0000000000000758       0x2d /opt/truestudio/ARMTools/bin/../lib/gcc/arm-atollic-eabi/6.3.1/../../../../arm-atollic-eabi/lib/armv7-m/libc_nano.a(lib_a-mlock.o)
 .ARM.attributes
                0x0000000000000785       0x2d /opt/truestudio/ARMTools/bin/../lib/gcc/arm-atollic-eabi/6.3.1/../../../../arm-atollic-eabi/lib/armv7-m/libc_nano.a(lib_a-nano-freer.o)
 .ARM.attributes
                0x00000000000007b2       0x2d /opt/truestudio/ARMTools/bin/../lib/gcc/arm-atollic-eabi/6.3.1/../../../../arm-atollic-eabi/lib/armv7-m/libc_nano.a(lib_a-readr.o)
 .ARM.attributes
                0x00000000000007df       0x2d /opt/truestudio/ARMTools/bin/../lib/gcc/arm-atollic-eabi/6.3.1/../../../../arm-atollic-eabi/lib/armv7-m/libc_nano.a(lib_a-reent.o)
 .ARM.attributes
                0x000000000000080c       0x2d /opt/truestudio/ARMTools/bin/../lib/gcc/arm-atollic-eabi/6.3.1/../../../../arm-atollic-eabi/lib/armv7-m/libc_nano.a(lib_a-fstatr.o)
 .ARM.attributes
                0x0000000000000839       0x2d /opt/truestudio/ARMTools/bin/../lib/gcc/arm-atollic-eabi/6.3.1/../../../../arm-atollic-eabi/lib/armv7-m/libc_nano.a(lib_a-isattyr.o)
 .ARM.attributes
                0x0000000000000866       0x2d /opt/truestudio/ARMTools/bin/../lib/gcc/arm-atollic-eabi/6.3.1/../../../../arm-atollic-eabi/lib/armv7-m/libnosys.a(close.o)
 .ARM.attributes
                0x0000000000000893       0x2d /opt/truestudio/ARMTools/bin/../lib/gcc/arm-atollic-eabi/6.3.1/../../../../arm-atollic-eabi/lib/armv7-m/libnosys.a(fstat.o)
 .ARM.attributes
                0x00000000000008c0       0x2d /opt/truestudio/ARMTools/bin/../lib/gcc/arm-atollic-eabi/6.3.1/../../../../arm-atollic-eabi/lib/armv7-m/libnosys.a(isatty.o)
 .ARM.attributes
                0x00000000000008ed       0x2d /opt/truestudio/ARMTools/bin/../lib/gcc/arm-atollic-eabi/6.3.1/../../../../arm-atollic-eabi/lib/armv7-m/libnosys.a(lseek.o)
 .ARM.attributes
                0x000000000000091a       0x2d /opt/truestudio/ARMTools/bin/../lib/gcc/arm-atollic-eabi/6.3.1/../../../../arm-atollic-eabi/lib/armv7-m/libnosys.a(read.o)
 .ARM.attributes
                0x0000000000000947       0x2d /opt/truestudio/ARMTools/bin/../lib/gcc/arm-atollic-eabi/6.3.1/../../../../arm-atollic-eabi/lib/armv7-m/libnosys.a(sbrk.o)
 .ARM.attributes
                0x0000000000000974       0x2d /opt/truestudio/ARMTools/bin/../lib/gcc/arm-atollic-eabi/6.3.1/../../../../arm-atollic-eabi/lib/armv7-m/libnosys.a(write.o)
 .ARM.attributes
                0x00000000000009a1       0x1d /opt/truestudio/ARMTools/bin/../lib/gcc/arm-atollic-eabi/6.3.1/armv7-m/crtn.o
OUTPUT(SD_SPI.elf elf32-littlearm)

.debug_info     0x0000000000000000    0x1570b
 .debug_info    0x0000000000000000      0xfba Drivers/STM32F1xx_HAL_Driver/Src/stm32f1xx_hal.o
 .debug_info    0x0000000000000fba     0x1463 Drivers/STM32F1xx_HAL_Driver/Src/stm32f1xx_hal_cortex.o
 .debug_info    0x000000000000241d      0xe7c Drivers/STM32F1xx_HAL_Driver/Src/stm32f1xx_hal_gpio.o
 .debug_info    0x0000000000003299     0x11f7 Drivers/STM32F1xx_HAL_Driver/Src/stm32f1xx_hal_rcc.o
 .debug_info    0x0000000000004490      0xe1b Drivers/STM32F1xx_HAL_Driver/Src/stm32f1xx_hal_spi_ex.o
 .debug_info    0x00000000000052ab     0x1e00 Drivers/STM32F1xx_HAL_Driver/Src/stm32f1xx_hal_uart.o
 .debug_info    0x00000000000070ab      0xcb9 Middlewares/Third_Party/FatFs/src/diskio.o
 .debug_info    0x0000000000007d64     0x48f6 Middlewares/Third_Party/FatFs/src/ff.o
 .debug_info    0x000000000000c65a      0xcef Middlewares/Third_Party/FatFs/src/ff_gen_drv.o
 .debug_info    0x000000000000d349      0xd7b Src/fatfs.o
 .debug_info    0x000000000000e0c4      0xd2d Src/gpio.o
 .debug_info    0x000000000000edf1     0x1985 Src/main.o
 .debug_info    0x0000000000010776     0x1061 Src/spi.o
 .debug_info    0x00000000000117d7      0xcda Src/stm32f1xx_hal_msp.o
 .debug_info    0x00000000000124b1      0xa27 Src/stm32f1xx_it.o
 .debug_info    0x0000000000012ed8      0xc07 Src/system_stm32f1xx.o
 .debug_info    0x0000000000013adf      0xfe5 Src/usart.o
 .debug_info    0x0000000000014ac4      0xbdf Src/user_diskio.o
 .debug_info    0x00000000000156a3       0x68 startup/startup_stm32f103xb.o

.debug_abbrev   0x0000000000000000     0x2e75
 .debug_abbrev  0x0000000000000000      0x308 Drivers/STM32F1xx_HAL_Driver/Src/stm32f1xx_hal.o
 .debug_abbrev  0x0000000000000308      0x399 Drivers/STM32F1xx_HAL_Driver/Src/stm32f1xx_hal_cortex.o
 .debug_abbrev  0x00000000000006a1      0x268 Drivers/STM32F1xx_HAL_Driver/Src/stm32f1xx_hal_gpio.o
 .debug_abbrev  0x0000000000000909      0x367 Drivers/STM32F1xx_HAL_Driver/Src/stm32f1xx_hal_rcc.o
 .debug_abbrev  0x0000000000000c70      0x1d8 Drivers/STM32F1xx_HAL_Driver/Src/stm32f1xx_hal_spi_ex.o
 .debug_abbrev  0x0000000000000e48      0x364 Drivers/STM32F1xx_HAL_Driver/Src/stm32f1xx_hal_uart.o
 .debug_abbrev  0x00000000000011ac      0x23d Middlewares/Third_Party/FatFs/src/diskio.o
 .debug_abbrev  0x00000000000013e9      0x430 Middlewares/Third_Party/FatFs/src/ff.o
 .debug_abbrev  0x0000000000001819      0x2a5 Middlewares/Third_Party/FatFs/src/ff_gen_drv.o
 .debug_abbrev  0x0000000000001abe      0x22d Src/fatfs.o
 .debug_abbrev  0x0000000000001ceb      0x206 Src/gpio.o
 .debug_abbrev  0x0000000000001ef1      0x2c9 Src/main.o
 .debug_abbrev  0x00000000000021ba      0x227 Src/spi.o
 .debug_abbrev  0x00000000000023e1      0x200 Src/stm32f1xx_hal_msp.o
 .debug_abbrev  0x00000000000025e1      0x217 Src/stm32f1xx_it.o
 .debug_abbrev  0x00000000000027f8      0x1eb Src/system_stm32f1xx.o
 .debug_abbrev  0x00000000000029e3      0x227 Src/usart.o
 .debug_abbrev  0x0000000000002c0a      0x259 Src/user_diskio.o
 .debug_abbrev  0x0000000000002e63       0x12 startup/startup_stm32f103xb.o

.debug_loc      0x0000000000000000     0x7528
 .debug_loc     0x0000000000000000      0x11b Drivers/STM32F1xx_HAL_Driver/Src/stm32f1xx_hal.o
 .debug_loc     0x000000000000011b      0x46b Drivers/STM32F1xx_HAL_Driver/Src/stm32f1xx_hal_cortex.o
 .debug_loc     0x0000000000000586      0x36a Drivers/STM32F1xx_HAL_Driver/Src/stm32f1xx_hal_gpio.o
 .debug_loc     0x00000000000008f0      0x4c3 Drivers/STM32F1xx_HAL_Driver/Src/stm32f1xx_hal_rcc.o
 .debug_loc     0x0000000000000db3       0x34 Drivers/STM32F1xx_HAL_Driver/Src/stm32f1xx_hal_spi_ex.o
 .debug_loc     0x0000000000000de7     0x1311 Drivers/STM32F1xx_HAL_Driver/Src/stm32f1xx_hal_uart.o
 .debug_loc     0x00000000000020f8      0x1c6 Middlewares/Third_Party/FatFs/src/diskio.o
 .debug_loc     0x00000000000022be     0x4e77 Middlewares/Third_Party/FatFs/src/ff.o
 .debug_loc     0x0000000000007135      0x216 Middlewares/Third_Party/FatFs/src/ff_gen_drv.o
 .debug_loc     0x000000000000734b       0x13 Src/main.o
 .debug_loc     0x000000000000735e       0x4d Src/spi.o
 .debug_loc     0x00000000000073ab       0xcd Src/system_stm32f1xx.o
 .debug_loc     0x0000000000007478       0x4d Src/usart.o
 .debug_loc     0x00000000000074c5       0x63 Src/user_diskio.o

.debug_aranges  0x0000000000000000      0x7d8
 .debug_aranges
                0x0000000000000000       0xc8 Drivers/STM32F1xx_HAL_Driver/Src/stm32f1xx_hal.o
 .debug_aranges
                0x00000000000000c8       0x90 Drivers/STM32F1xx_HAL_Driver/Src/stm32f1xx_hal_cortex.o
 .debug_aranges
                0x0000000000000158       0x58 Drivers/STM32F1xx_HAL_Driver/Src/stm32f1xx_hal_gpio.o
 .debug_aranges
                0x00000000000001b0       0x88 Drivers/STM32F1xx_HAL_Driver/Src/stm32f1xx_hal_rcc.o
 .debug_aranges
                0x0000000000000238       0x20 Drivers/STM32F1xx_HAL_Driver/Src/stm32f1xx_hal_spi_ex.o
 .debug_aranges
                0x0000000000000258      0x170 Drivers/STM32F1xx_HAL_Driver/Src/stm32f1xx_hal_uart.o
 .debug_aranges
                0x00000000000003c8       0x48 Middlewares/Third_Party/FatFs/src/diskio.o
 .debug_aranges
                0x0000000000000410      0x1c0 Middlewares/Third_Party/FatFs/src/ff.o
 .debug_aranges
                0x00000000000005d0       0x40 Middlewares/Third_Party/FatFs/src/ff_gen_drv.o
 .debug_aranges
                0x0000000000000610       0x28 Src/fatfs.o
 .debug_aranges
                0x0000000000000638       0x20 Src/gpio.o
 .debug_aranges
                0x0000000000000658       0x30 Src/main.o
 .debug_aranges
                0x0000000000000688       0x30 Src/spi.o
 .debug_aranges
                0x00000000000006b8       0x20 Src/stm32f1xx_hal_msp.o
 .debug_aranges
                0x00000000000006d8       0x50 Src/stm32f1xx_it.o
 .debug_aranges
                0x0000000000000728       0x28 Src/system_stm32f1xx.o
 .debug_aranges
                0x0000000000000750       0x30 Src/usart.o
 .debug_aranges
                0x0000000000000780       0x30 Src/user_diskio.o
 .debug_aranges
                0x00000000000007b0       0x28 startup/startup_stm32f103xb.o

.debug_ranges   0x0000000000000000      0xa58
 .debug_ranges  0x0000000000000000       0xb8 Drivers/STM32F1xx_HAL_Driver/Src/stm32f1xx_hal.o
 .debug_ranges  0x00000000000000b8      0x128 Drivers/STM32F1xx_HAL_Driver/Src/stm32f1xx_hal_cortex.o
 .debug_ranges  0x00000000000001e0       0x60 Drivers/STM32F1xx_HAL_Driver/Src/stm32f1xx_hal_gpio.o
 .debug_ranges  0x0000000000000240       0xa0 Drivers/STM32F1xx_HAL_Driver/Src/stm32f1xx_hal_rcc.o
 .debug_ranges  0x00000000000002e0       0x10 Drivers/STM32F1xx_HAL_Driver/Src/stm32f1xx_hal_spi_ex.o
 .debug_ranges  0x00000000000002f0      0x190 Drivers/STM32F1xx_HAL_Driver/Src/stm32f1xx_hal_uart.o
 .debug_ranges  0x0000000000000480       0x38 Middlewares/Third_Party/FatFs/src/diskio.o
 .debug_ranges  0x00000000000004b8      0x368 Middlewares/Third_Party/FatFs/src/ff.o
 .debug_ranges  0x0000000000000820       0x30 Middlewares/Third_Party/FatFs/src/ff_gen_drv.o
 .debug_ranges  0x0000000000000850       0x18 Src/fatfs.o
 .debug_ranges  0x0000000000000868       0x88 Src/gpio.o
 .debug_ranges  0x00000000000008f0       0x20 Src/main.o
 .debug_ranges  0x0000000000000910       0x40 Src/spi.o
 .debug_ranges  0x0000000000000950       0x30 Src/stm32f1xx_hal_msp.o
 .debug_ranges  0x0000000000000980       0x40 Src/stm32f1xx_it.o
 .debug_ranges  0x00000000000009c0       0x18 Src/system_stm32f1xx.o
 .debug_ranges  0x00000000000009d8       0x40 Src/usart.o
 .debug_ranges  0x0000000000000a18       0x20 Src/user_diskio.o
 .debug_ranges  0x0000000000000a38       0x20 startup/startup_stm32f103xb.o

.debug_line     0x0000000000000000     0x4d72
 .debug_line    0x0000000000000000      0x3e1 Drivers/STM32F1xx_HAL_Driver/Src/stm32f1xx_hal.o
 .debug_line    0x00000000000003e1      0x3b4 Drivers/STM32F1xx_HAL_Driver/Src/stm32f1xx_hal_cortex.o
 .debug_line    0x0000000000000795      0x3cd Drivers/STM32F1xx_HAL_Driver/Src/stm32f1xx_hal_gpio.o
 .debug_line    0x0000000000000b62      0x5b5 Drivers/STM32F1xx_HAL_Driver/Src/stm32f1xx_hal_rcc.o
 .debug_line    0x0000000000001117      0x274 Drivers/STM32F1xx_HAL_Driver/Src/stm32f1xx_hal_spi_ex.o
 .debug_line    0x000000000000138b      0xbc7 Drivers/STM32F1xx_HAL_Driver/Src/stm32f1xx_hal_uart.o
 .debug_line    0x0000000000001f52      0x24e Middlewares/Third_Party/FatFs/src/diskio.o
 .debug_line    0x00000000000021a0     0x12db Middlewares/Third_Party/FatFs/src/ff.o
 .debug_line    0x000000000000347b      0x255 Middlewares/Third_Party/FatFs/src/ff_gen_drv.o
 .debug_line    0x00000000000036d0      0x231 Src/fatfs.o
 .debug_line    0x0000000000003901      0x236 Src/gpio.o
 .debug_line    0x0000000000003b37      0x3d0 Src/main.o
 .debug_line    0x0000000000003f07      0x29f Src/spi.o
 .debug_line    0x00000000000041a6      0x211 Src/stm32f1xx_hal_msp.o
 .debug_line    0x00000000000043b7      0x27c Src/stm32f1xx_it.o
 .debug_line    0x0000000000004633      0x20a Src/system_stm32f1xx.o
 .debug_line    0x000000000000483d      0x298 Src/usart.o
 .debug_line    0x0000000000004ad5      0x220 Src/user_diskio.o
 .debug_line    0x0000000000004cf5       0x7d startup/startup_stm32f103xb.o

.debug_str      0x0000000000000000     0x2805
 .debug_str     0x0000000000000000      0xb98 Drivers/STM32F1xx_HAL_Driver/Src/stm32f1xx_hal.o
                                        0xc5e (size before relaxing)
 .debug_str     0x0000000000000b98      0x2e1 Drivers/STM32F1xx_HAL_Driver/Src/stm32f1xx_hal_cortex.o
                                        0xd0c (size before relaxing)
 .debug_str     0x0000000000000e79      0x1d6 Drivers/STM32F1xx_HAL_Driver/Src/stm32f1xx_hal_gpio.o
                                        0x879 (size before relaxing)
 .debug_str     0x000000000000104f      0x326 Drivers/STM32F1xx_HAL_Driver/Src/stm32f1xx_hal_rcc.o
                                        0xa57 (size before relaxing)
 .debug_str     0x0000000000001375      0x3b9 Drivers/STM32F1xx_HAL_Driver/Src/stm32f1xx_hal_spi_ex.o
                                        0xa34 (size before relaxing)
 .debug_str     0x000000000000172e      0x6c5 Drivers/STM32F1xx_HAL_Driver/Src/stm32f1xx_hal_uart.o
                                        0xfc1 (size before relaxing)
 .debug_str     0x0000000000001df3      0x109 Middlewares/Third_Party/FatFs/src/diskio.o
                                        0x70b (size before relaxing)
 .debug_str     0x0000000000001efc      0x5d0 Middlewares/Third_Party/FatFs/src/ff.o
                                        0xcba (size before relaxing)
 .debug_str     0x00000000000024cc       0xa2 Middlewares/Third_Party/FatFs/src/ff_gen_drv.o
                                        0x75c (size before relaxing)
 .debug_str     0x000000000000256e       0x4d Src/fatfs.o
                                        0x7c3 (size before relaxing)
 .debug_str     0x00000000000025bb       0x2b Src/gpio.o
                                        0x9e8 (size before relaxing)
 .debug_str     0x00000000000025e6       0x63 Src/main.o
                                       0x1312 (size before relaxing)
 .debug_str     0x0000000000002649       0x29 Src/spi.o
                                        0xad4 (size before relaxing)
 .debug_str     0x0000000000002672       0x1b Src/stm32f1xx_hal_msp.o
                                        0x994 (size before relaxing)
 .debug_str     0x000000000000268d       0xbb Src/stm32f1xx_it.o
                                        0x6fd (size before relaxing)
 .debug_str     0x0000000000002748       0x4d Src/system_stm32f1xx.o
                                        0x6e2 (size before relaxing)
 .debug_str     0x0000000000002795       0x1a Src/usart.o
                                        0xabb (size before relaxing)
 .debug_str     0x00000000000027af       0x56 Src/user_diskio.o
                                        0x70a (size before relaxing)

.comment        0x0000000000000000       0x7c
 .comment       0x0000000000000000       0x7c Drivers/STM32F1xx_HAL_Driver/Src/stm32f1xx_hal.o
                                         0x7d (size before relaxing)
 .comment       0x000000000000007c       0x7d Drivers/STM32F1xx_HAL_Driver/Src/stm32f1xx_hal_cortex.o
 .comment       0x000000000000007c       0x7d Drivers/STM32F1xx_HAL_Driver/Src/stm32f1xx_hal_gpio.o
 .comment       0x000000000000007c       0x7d Drivers/STM32F1xx_HAL_Driver/Src/stm32f1xx_hal_rcc.o
 .comment       0x000000000000007c       0x7d Drivers/STM32F1xx_HAL_Driver/Src/stm32f1xx_hal_spi_ex.o
 .comment       0x000000000000007c       0x7d Drivers/STM32F1xx_HAL_Driver/Src/stm32f1xx_hal_uart.o
 .comment       0x000000000000007c       0x7d Middlewares/Third_Party/FatFs/src/diskio.o
 .comment       0x000000000000007c       0x7d Middlewares/Third_Party/FatFs/src/ff.o
 .comment       0x000000000000007c       0x7d Middlewares/Third_Party/FatFs/src/ff_gen_drv.o
 .comment       0x000000000000007c       0x7d Src/fatfs.o
 .comment       0x000000000000007c       0x7d Src/gpio.o
 .comment       0x000000000000007c       0x7d Src/main.o
 .comment       0x000000000000007c       0x7d Src/spi.o
 .comment       0x000000000000007c       0x7d Src/stm32f1xx_hal_msp.o
 .comment       0x000000000000007c       0x7d Src/stm32f1xx_it.o
 .comment       0x000000000000007c       0x7d Src/system_stm32f1xx.o
 .comment       0x000000000000007c       0x7d Src/usart.o
 .comment       0x000000000000007c       0x7d Src/user_diskio.o

.debug_frame    0x0000000000000000     0x1d20
 .debug_frame   0x0000000000000000      0x1b0 Drivers/STM32F1xx_HAL_Driver/Src/stm32f1xx_hal.o
 .debug_frame   0x00000000000001b0      0x120 Drivers/STM32F1xx_HAL_Driver/Src/stm32f1xx_hal_cortex.o
 .debug_frame   0x00000000000002d0       0xd4 Drivers/STM32F1xx_HAL_Driver/Src/stm32f1xx_hal_gpio.o
 .debug_frame   0x00000000000003a4      0x150 Drivers/STM32F1xx_HAL_Driver/Src/stm32f1xx_hal_rcc.o
 .debug_frame   0x00000000000004f4       0x28 Drivers/STM32F1xx_HAL_Driver/Src/stm32f1xx_hal_spi_ex.o
 .debug_frame   0x000000000000051c      0x4a0 Drivers/STM32F1xx_HAL_Driver/Src/stm32f1xx_hal_uart.o
 .debug_frame   0x00000000000009bc       0x94 Middlewares/Third_Party/FatFs/src/diskio.o
 .debug_frame   0x0000000000000a50      0x758 Middlewares/Third_Party/FatFs/src/ff.o
 .debug_frame   0x00000000000011a8       0x6c Middlewares/Third_Party/FatFs/src/ff_gen_drv.o
 .debug_frame   0x0000000000001214       0x38 Src/fatfs.o
 .debug_frame   0x000000000000124c       0x30 Src/gpio.o
 .debug_frame   0x000000000000127c       0x60 Src/main.o
 .debug_frame   0x00000000000012dc       0x58 Src/spi.o
 .debug_frame   0x0000000000001334       0x2c Src/stm32f1xx_hal_msp.o
 .debug_frame   0x0000000000001360       0xbc Src/stm32f1xx_it.o
 .debug_frame   0x000000000000141c       0x30 Src/system_stm32f1xx.o
 .debug_frame   0x000000000000144c       0x58 Src/usart.o
 .debug_frame   0x00000000000014a4       0x60 Src/user_diskio.o
 .debug_frame   0x0000000000001504       0x2c /opt/truestudio/ARMTools/bin/../lib/gcc/arm-atollic-eabi/6.3.1/../../../../arm-atollic-eabi/lib/armv7-m/libc_nano.a(lib_a-init.o)
 .debug_frame   0x0000000000001530       0x20 /opt/truestudio/ARMTools/bin/../lib/gcc/arm-atollic-eabi/6.3.1/../../../../arm-atollic-eabi/lib/armv7-m/libc_nano.a(lib_a-memset.o)
 .debug_frame   0x0000000000001550       0x74 /opt/truestudio/ARMTools/bin/../lib/gcc/arm-atollic-eabi/6.3.1/../../../../arm-atollic-eabi/lib/armv7-m/libc_nano.a(lib_a-printf.o)
 .debug_frame   0x00000000000015c4      0x11c /opt/truestudio/ARMTools/bin/../lib/gcc/arm-atollic-eabi/6.3.1/../../../../arm-atollic-eabi/lib/armv7-m/libc_nano.a(lib_a-findfp.o)
 .debug_frame   0x00000000000016e0       0x54 /opt/truestudio/ARMTools/bin/../lib/gcc/arm-atollic-eabi/6.3.1/../../../../arm-atollic-eabi/lib/armv7-m/libc_nano.a(lib_a-fwalk.o)
 .debug_frame   0x0000000000001734       0x2c /opt/truestudio/ARMTools/bin/../lib/gcc/arm-atollic-eabi/6.3.1/../../../../arm-atollic-eabi/lib/armv7-m/libc_nano.a(lib_a-nano-mallocr.o)
 .debug_frame   0x0000000000001760       0xac /opt/truestudio/ARMTools/bin/../lib/gcc/arm-atollic-eabi/6.3.1/../../../../arm-atollic-eabi/lib/armv7-m/libc_nano.a(lib_a-nano-vfprintf.o)
 .debug_frame   0x000000000000180c       0x60 /opt/truestudio/ARMTools/bin/../lib/gcc/arm-atollic-eabi/6.3.1/../../../../arm-atollic-eabi/lib/armv7-m/libc_nano.a(lib_a-nano-vfprintf_i.o)
 .debug_frame   0x000000000000186c       0x2c /opt/truestudio/ARMTools/bin/../lib/gcc/arm-atollic-eabi/6.3.1/../../../../arm-atollic-eabi/lib/armv7-m/libc_nano.a(lib_a-sbrkr.o)
 .debug_frame   0x0000000000001898       0x88 /opt/truestudio/ARMTools/bin/../lib/gcc/arm-atollic-eabi/6.3.1/../../../../arm-atollic-eabi/lib/armv7-m/libc_nano.a(lib_a-stdio.o)
 .debug_frame   0x0000000000001920       0x40 /opt/truestudio/ARMTools/bin/../lib/gcc/arm-atollic-eabi/6.3.1/../../../../arm-atollic-eabi/lib/armv7-m/libc_nano.a(lib_a-wbuf.o)
 .debug_frame   0x0000000000001960       0x2c /opt/truestudio/ARMTools/bin/../lib/gcc/arm-atollic-eabi/6.3.1/../../../../arm-atollic-eabi/lib/armv7-m/libc_nano.a(lib_a-writer.o)
 .debug_frame   0x000000000000198c       0x2c /opt/truestudio/ARMTools/bin/../lib/gcc/arm-atollic-eabi/6.3.1/../../../../arm-atollic-eabi/lib/armv7-m/libc_nano.a(lib_a-wsetup.o)
 .debug_frame   0x00000000000019b8       0x2c /opt/truestudio/ARMTools/bin/../lib/gcc/arm-atollic-eabi/6.3.1/../../../../arm-atollic-eabi/lib/armv7-m/libc_nano.a(lib_a-closer.o)
 .debug_frame   0x00000000000019e4       0x68 /opt/truestudio/ARMTools/bin/../lib/gcc/arm-atollic-eabi/6.3.1/../../../../arm-atollic-eabi/lib/armv7-m/libc_nano.a(lib_a-fflush.o)
 .debug_frame   0x0000000000001a4c       0x2c /opt/truestudio/ARMTools/bin/../lib/gcc/arm-atollic-eabi/6.3.1/../../../../arm-atollic-eabi/lib/armv7-m/libc_nano.a(lib_a-lseekr.o)
 .debug_frame   0x0000000000001a78       0x58 /opt/truestudio/ARMTools/bin/../lib/gcc/arm-atollic-eabi/6.3.1/../../../../arm-atollic-eabi/lib/armv7-m/libc_nano.a(lib_a-makebuf.o)
 .debug_frame   0x0000000000001ad0       0x28 /opt/truestudio/ARMTools/bin/../lib/gcc/arm-atollic-eabi/6.3.1/../../../../arm-atollic-eabi/lib/armv7-m/libc_nano.a(lib_a-memchr-stub.o)
 .debug_frame   0x0000000000001af8       0x30 /opt/truestudio/ARMTools/bin/../lib/gcc/arm-atollic-eabi/6.3.1/../../../../arm-atollic-eabi/lib/armv7-m/libc_nano.a(lib_a-mlock.o)
 .debug_frame   0x0000000000001b28       0x38 /opt/truestudio/ARMTools/bin/../lib/gcc/arm-atollic-eabi/6.3.1/../../../../arm-atollic-eabi/lib/armv7-m/libc_nano.a(lib_a-nano-freer.o)
 .debug_frame   0x0000000000001b60       0x2c /opt/truestudio/ARMTools/bin/../lib/gcc/arm-atollic-eabi/6.3.1/../../../../arm-atollic-eabi/lib/armv7-m/libc_nano.a(lib_a-readr.o)
 .debug_frame   0x0000000000001b8c       0x5c /opt/truestudio/ARMTools/bin/../lib/gcc/arm-atollic-eabi/6.3.1/../../../../arm-atollic-eabi/lib/armv7-m/libc_nano.a(lib_a-reent.o)
 .debug_frame   0x0000000000001be8       0x2c /opt/truestudio/ARMTools/bin/../lib/gcc/arm-atollic-eabi/6.3.1/../../../../arm-atollic-eabi/lib/armv7-m/libc_nano.a(lib_a-fstatr.o)
 .debug_frame   0x0000000000001c14       0x2c /opt/truestudio/ARMTools/bin/../lib/gcc/arm-atollic-eabi/6.3.1/../../../../arm-atollic-eabi/lib/armv7-m/libc_nano.a(lib_a-isattyr.o)
 .debug_frame   0x0000000000001c40       0x20 /opt/truestudio/ARMTools/bin/../lib/gcc/arm-atollic-eabi/6.3.1/../../../../arm-atollic-eabi/lib/armv7-m/libnosys.a(close.o)
 .debug_frame   0x0000000000001c60       0x20 /opt/truestudio/ARMTools/bin/../lib/gcc/arm-atollic-eabi/6.3.1/../../../../arm-atollic-eabi/lib/armv7-m/libnosys.a(fstat.o)
 .debug_frame   0x0000000000001c80       0x20 /opt/truestudio/ARMTools/bin/../lib/gcc/arm-atollic-eabi/6.3.1/../../../../arm-atollic-eabi/lib/armv7-m/libnosys.a(isatty.o)
 .debug_frame   0x0000000000001ca0       0x20 /opt/truestudio/ARMTools/bin/../lib/gcc/arm-atollic-eabi/6.3.1/../../../../arm-atollic-eabi/lib/armv7-m/libnosys.a(lseek.o)
 .debug_frame   0x0000000000001cc0       0x20 /opt/truestudio/ARMTools/bin/../lib/gcc/arm-atollic-eabi/6.3.1/../../../../arm-atollic-eabi/lib/armv7-m/libnosys.a(read.o)
 .debug_frame   0x0000000000001ce0       0x20 /opt/truestudio/ARMTools/bin/../lib/gcc/arm-atollic-eabi/6.3.1/../../../../arm-atollic-eabi/lib/armv7-m/libnosys.a(sbrk.o)
 .debug_frame   0x0000000000001d00       0x20 /opt/truestudio/ARMTools/bin/../lib/gcc/arm-atollic-eabi/6.3.1/../../../../arm-atollic-eabi/lib/armv7-m/libnosys.a(write.o)

.stab           0x0000000000000000       0x9c
 .stab          0x0000000000000000       0x24 /opt/truestudio/ARMTools/bin/../lib/gcc/arm-atollic-eabi/6.3.1/../../../../arm-atollic-eabi/lib/armv7-m/libnosys.a(close.o)
 .stab          0x0000000000000024       0x18 /opt/truestudio/ARMTools/bin/../lib/gcc/arm-atollic-eabi/6.3.1/../../../../arm-atollic-eabi/lib/armv7-m/libnosys.a(fstat.o)
                                         0x24 (size before relaxing)
 .stab          0x000000000000003c       0x18 /opt/truestudio/ARMTools/bin/../lib/gcc/arm-atollic-eabi/6.3.1/../../../../arm-atollic-eabi/lib/armv7-m/libnosys.a(isatty.o)
                                         0x24 (size before relaxing)
 .stab          0x0000000000000054       0x18 /opt/truestudio/ARMTools/bin/../lib/gcc/arm-atollic-eabi/6.3.1/../../../../arm-atollic-eabi/lib/armv7-m/libnosys.a(lseek.o)
                                         0x24 (size before relaxing)
 .stab          0x000000000000006c       0x18 /opt/truestudio/ARMTools/bin/../lib/gcc/arm-atollic-eabi/6.3.1/../../../../arm-atollic-eabi/lib/armv7-m/libnosys.a(read.o)
                                         0x24 (size before relaxing)
 .stab          0x0000000000000084       0x18 /opt/truestudio/ARMTools/bin/../lib/gcc/arm-atollic-eabi/6.3.1/../../../../arm-atollic-eabi/lib/armv7-m/libnosys.a(write.o)
                                         0x24 (size before relaxing)

.stabstr        0x0000000000000000      0x14d
 .stabstr       0x0000000000000000      0x14d /opt/truestudio/ARMTools/bin/../lib/gcc/arm-atollic-eabi/6.3.1/../../../../arm-atollic-eabi/lib/armv7-m/libnosys.a(close.o)
