Archive member included to satisfy reference by file (symbol)

/opt/truestudio/ARMTools/bin/../lib/gcc/arm-atollic-eabi/6.3.1/../../../../arm-atollic-eabi/lib/armv7-m/libc_nano.a(lib_a-init.o)
                              startup/startup_stm32f103xb.o (__libc_init_array)
/opt/truestudio/ARMTools/bin/../lib/gcc/arm-atollic-eabi/6.3.1/../../../../arm-atollic-eabi/lib/armv7-m/libc_nano.a(lib_a-memset.o)
                              Drivers/STM32F1xx_HAL_Driver/Src/stm32f1xx_hal_rcc.o (memset)
/opt/truestudio/ARMTools/bin/../lib/gcc/arm-atollic-eabi/6.3.1/armv7-m/libgcc.a(_lshrdi3.o)
                              Drivers/STM32F1xx_HAL_Driver/Src/stm32f1xx_hal_flash.o (__aeabi_llsr)

Allocating common symbols
Common symbol       size              file

USERPath            0x4               Src/fatfs.o
uwTick              0x4               Drivers/STM32F1xx_HAL_Driver/Src/stm32f1xx_hal.o
pFlash              0x20              Drivers/STM32F1xx_HAL_Driver/Src/stm32f1xx_hal_flash.o
retUSER             0x1               Src/fatfs.o
hspi1               0x58              Src/spi.o
huart2              0x40              Src/usart.o
USERFile            0x102c            Src/fatfs.o
USERFatFS           0x1030            Src/fatfs.o

Discarded input sections

 .text          0x0000000000000000        0x0 /opt/truestudio/ARMTools/bin/../lib/gcc/arm-atollic-eabi/6.3.1/armv7-m/crti.o
 .data          0x0000000000000000        0x0 /opt/truestudio/ARMTools/bin/../lib/gcc/arm-atollic-eabi/6.3.1/armv7-m/crti.o
 .bss           0x0000000000000000        0x0 /opt/truestudio/ARMTools/bin/../lib/gcc/arm-atollic-eabi/6.3.1/armv7-m/crti.o
 .data          0x0000000000000000        0x4 /opt/truestudio/ARMTools/bin/../lib/gcc/arm-atollic-eabi/6.3.1/armv7-m/crtbegin.o
 .text          0x0000000000000000        0x0 Drivers/STM32F1xx_HAL_Driver/Src/stm32f1xx_hal.o
 .data          0x0000000000000000        0x0 Drivers/STM32F1xx_HAL_Driver/Src/stm32f1xx_hal.o
 .bss           0x0000000000000000        0x0 Drivers/STM32F1xx_HAL_Driver/Src/stm32f1xx_hal.o
 .text.HAL_MspInit
                0x0000000000000000        0x2 Drivers/STM32F1xx_HAL_Driver/Src/stm32f1xx_hal.o
 .text.HAL_MspDeInit
                0x0000000000000000        0x2 Drivers/STM32F1xx_HAL_Driver/Src/stm32f1xx_hal.o
 .text.HAL_DeInit
                0x0000000000000000       0x20 Drivers/STM32F1xx_HAL_Driver/Src/stm32f1xx_hal.o
 .text.HAL_GetTickPrio
                0x0000000000000000        0xc Drivers/STM32F1xx_HAL_Driver/Src/stm32f1xx_hal.o
 .text.HAL_SetTickFreq
                0x0000000000000000       0x24 Drivers/STM32F1xx_HAL_Driver/Src/stm32f1xx_hal.o
 .text.HAL_GetTickFreq
                0x0000000000000000        0xc Drivers/STM32F1xx_HAL_Driver/Src/stm32f1xx_hal.o
 .text.HAL_Delay
                0x0000000000000000       0x24 Drivers/STM32F1xx_HAL_Driver/Src/stm32f1xx_hal.o
 .text.HAL_SuspendTick
                0x0000000000000000       0x10 Drivers/STM32F1xx_HAL_Driver/Src/stm32f1xx_hal.o
 .text.HAL_ResumeTick
                0x0000000000000000       0x10 Drivers/STM32F1xx_HAL_Driver/Src/stm32f1xx_hal.o
 .text.HAL_GetHalVersion
                0x0000000000000000        0x8 Drivers/STM32F1xx_HAL_Driver/Src/stm32f1xx_hal.o
 .text.HAL_GetREVID
                0x0000000000000000        0xc Drivers/STM32F1xx_HAL_Driver/Src/stm32f1xx_hal.o
 .text.HAL_GetDEVID
                0x0000000000000000       0x10 Drivers/STM32F1xx_HAL_Driver/Src/stm32f1xx_hal.o
 .text.HAL_DBGMCU_EnableDBGSleepMode
                0x0000000000000000       0x10 Drivers/STM32F1xx_HAL_Driver/Src/stm32f1xx_hal.o
 .text.HAL_DBGMCU_DisableDBGSleepMode
                0x0000000000000000       0x10 Drivers/STM32F1xx_HAL_Driver/Src/stm32f1xx_hal.o
 .text.HAL_DBGMCU_EnableDBGStopMode
                0x0000000000000000       0x10 Drivers/STM32F1xx_HAL_Driver/Src/stm32f1xx_hal.o
 .text.HAL_DBGMCU_DisableDBGStopMode
                0x0000000000000000       0x10 Drivers/STM32F1xx_HAL_Driver/Src/stm32f1xx_hal.o
 .text.HAL_DBGMCU_EnableDBGStandbyMode
                0x0000000000000000       0x10 Drivers/STM32F1xx_HAL_Driver/Src/stm32f1xx_hal.o
 .text.HAL_DBGMCU_DisableDBGStandbyMode
                0x0000000000000000       0x10 Drivers/STM32F1xx_HAL_Driver/Src/stm32f1xx_hal.o
 .text.HAL_GetUID
                0x0000000000000000       0x20 Drivers/STM32F1xx_HAL_Driver/Src/stm32f1xx_hal.o
 .text          0x0000000000000000        0x0 Drivers/STM32F1xx_HAL_Driver/Src/stm32f1xx_hal_cortex.o
 .data          0x0000000000000000        0x0 Drivers/STM32F1xx_HAL_Driver/Src/stm32f1xx_hal_cortex.o
 .bss           0x0000000000000000        0x0 Drivers/STM32F1xx_HAL_Driver/Src/stm32f1xx_hal_cortex.o
 .text.HAL_NVIC_DisableIRQ
                0x0000000000000000       0x1c Drivers/STM32F1xx_HAL_Driver/Src/stm32f1xx_hal_cortex.o
 .text.HAL_NVIC_SystemReset
                0x0000000000000000       0x24 Drivers/STM32F1xx_HAL_Driver/Src/stm32f1xx_hal_cortex.o
 .text.HAL_NVIC_GetPriorityGrouping
[...]
Memory Configuration

Name             Origin             Length             Attributes
RAM              0x0000000020000000 0x0000000000005000 xrw
FLASH            0x0000000008000000 0x0000000000020000 xr
*default*        0x0000000000000000 0xffffffffffffffff

Linker script and memory map

LOAD /opt/truestudio/ARMTools/bin/../lib/gcc/arm-atollic-eabi/6.3.1/armv7-m/crti.o
LOAD /opt/truestudio/ARMTools/bin/../lib/gcc/arm-atollic-eabi/6.3.1/armv7-m/crtbegin.o
LOAD Drivers/STM32F1xx_HAL_Driver/Src/stm32f1xx_hal.o
LOAD Drivers/STM32F1xx_HAL_Driver/Src/stm32f1xx_hal_cortex.o
LOAD Drivers/STM32F1xx_HAL_Driver/Src/stm32f1xx_hal_dma.o
LOAD Drivers/STM32F1xx_HAL_Driver/Src/stm32f1xx_hal_flash.o
LOAD Drivers/STM32F1xx_HAL_Driver/Src/stm32f1xx_hal_flash_ex.o
LOAD Drivers/STM32F1xx_HAL_Driver/Src/stm32f1xx_hal_gpio.o
LOAD Drivers/STM32F1xx_HAL_Driver/Src/stm32f1xx_hal_gpio_ex.o
LOAD Drivers/STM32F1xx_HAL_Driver/Src/stm32f1xx_hal_pwr.o
LOAD Drivers/STM32F1xx_HAL_Driver/Src/stm32f1xx_hal_rcc.o
LOAD Drivers/STM32F1xx_HAL_Driver/Src/stm32f1xx_hal_rcc_ex.o
LOAD Drivers/STM32F1xx_HAL_Driver/Src/stm32f1xx_hal_spi.o
LOAD Drivers/STM32F1xx_HAL_Driver/Src/stm32f1xx_hal_spi_ex.o
LOAD Drivers/STM32F1xx_HAL_Driver/Src/stm32f1xx_hal_tim.o
LOAD Drivers/STM32F1xx_HAL_Driver/Src/stm32f1xx_hal_tim_ex.o
LOAD Drivers/STM32F1xx_HAL_Driver/Src/stm32f1xx_hal_uart.o
LOAD Middlewares/Third_Party/FatFs/src/diskio.o
LOAD Middlewares/Third_Party/FatFs/src/ff.o
LOAD Middlewares/Third_Party/FatFs/src/ff_gen_drv.o
LOAD Middlewares/Third_Party/FatFs/src/option/ccsbcs.o
LOAD Middlewares/Third_Party/FatFs/src/option/syscall.o
LOAD Src/fatfs.o
LOAD Src/gpio.o
LOAD Src/main.o
LOAD Src/qqq.o
LOAD Src/spi.o
LOAD Src/stm32f1xx_hal_msp.o
LOAD Src/stm32f1xx_it.o
LOAD Src/system_stm32f1xx.o
LOAD Src/usart.o
LOAD Src/user_diskio.o
LOAD startup/startup_stm32f103xb.o
                0x0000000000000080                malloc_getpagesize_P = 0x80
START GROUP
LOAD /opt/truestudio/ARMTools/bin/../lib/gcc/arm-atollic-eabi/6.3.1/../../../../arm-atollic-eabi/lib/armv7-m/libc_nano.a
LOAD /opt/truestudio/ARMTools/bin/../lib/gcc/arm-atollic-eabi/6.3.1/../../../../arm-atollic-eabi/lib/armv7-m/libm.a
END GROUP
START GROUP
LOAD /opt/truestudio/ARMTools/bin/../lib/gcc/arm-atollic-eabi/6.3.1/armv7-m/libgcc.a
LOAD /opt/truestudio/ARMTools/bin/../lib/gcc/arm-atollic-eabi/6.3.1/../../../../arm-atollic-eabi/lib/armv7-m/libc_nano.a
END GROUP
START GROUP
LOAD /opt/truestudio/ARMTools/bin/../lib/gcc/arm-atollic-eabi/6.3.1/armv7-m/libgcc.a
LOAD /opt/truestudio/ARMTools/bin/../lib/gcc/arm-atollic-eabi/6.3.1/../../../../arm-atollic-eabi/lib/armv7-m/libc_nano.a
LOAD /opt/truestudio/ARMTools/bin/../lib/gcc/arm-atollic-eabi/6.3.1/../../../../arm-atollic-eabi/lib/armv7-m/libnosys.a
END GROUP
START GROUP
LOAD /opt/truestudio/ARMTools/bin/../lib/gcc/arm-atollic-eabi/6.3.1/armv7-m/libgcc.a
LOAD /opt/truestudio/ARMTools/bin/../lib/gcc/arm-atollic-eabi/6.3.1/../../../../arm-atollic-eabi/lib/armv7-m/libc_nano.a
LOAD /opt/truestudio/ARMTools/bin/../lib/gcc/arm-atollic-eabi/6.3.1/../../../../arm-atollic-eabi/lib/armv7-m/libnosys.a
END GROUP
LOAD /opt/truestudio/ARMTools/bin/../lib/gcc/arm-atollic-eabi/6.3.1/armv7-m/crtend.o
LOAD /opt/truestudio/ARMTools/bin/../lib/gcc/arm-atollic-eabi/6.3.1/armv7-m/crtn.o
                0x0000000020005000                _estack = 0x20005000
                0x0000000000000200                _Min_Heap_Size = 0x200
                0x0000000000000400                _Min_Stack_Size = 0x400

.isr_vector     0x0000000008000000      0x10c
                0x0000000008000000                . = ALIGN (0x4)
 *(.isr_vector)
 .isr_vector    0x0000000008000000      0x10c startup/startup_stm32f103xb.o
                0x0000000008000000                g_pfnVectors
                0x000000000800010c                . = ALIGN (0x4)

.text           0x000000000800010c     0x2570
                0x000000000800010c                . = ALIGN (0x4)
 *(.text)
 .text          0x000000000800010c       0x40 /opt/truestudio/ARMTools/bin/../lib/gcc/arm-atollic-eabi/6.3.1/armv7-m/crtbegin.o
 *(.text*)
 .text.HAL_InitTick
                0x000000000800014c       0x48 Drivers/STM32F1xx_HAL_Driver/Src/stm32f1xx_hal.o
                0x000000000800014c                HAL_InitTick
 .text.HAL_Init
                0x0000000008000194       0x24 Drivers/STM32F1xx_HAL_Driver/Src/stm32f1xx_hal.o
                0x0000000008000194                HAL_Init
 .text.HAL_IncTick
                0x00000000080001b8       0x18 Drivers/STM32F1xx_HAL_Driver/Src/stm32f1xx_hal.o
                0x00000000080001b8                HAL_IncTick
 .text.HAL_GetTick
                0x00000000080001d0        0xc Drivers/STM32F1xx_HAL_Driver/Src/stm32f1xx_hal.o
                0x00000000080001d0                HAL_GetTick
 .text.HAL_NVIC_SetPriorityGrouping
                0x00000000080001dc       0x24 Drivers/STM32F1xx_HAL_Driver/Src/stm32f1xx_hal_cortex.o
                0x00000000080001dc                HAL_NVIC_SetPriorityGrouping
 .text.HAL_NVIC_SetPriority
                0x0000000008000200       0x68 Drivers/STM32F1xx_HAL_Driver/Src/stm32f1xx_hal_cortex.o
                0x0000000008000200                HAL_NVIC_SetPriority
 .text.HAL_NVIC_EnableIRQ
                0x0000000008000268       0x18 Drivers/STM32F1xx_HAL_Driver/Src/stm32f1xx_hal_cortex.o
                0x0000000008000268                HAL_NVIC_EnableIRQ
 .text.HAL_SYSTICK_Config
                0x0000000008000280       0x2c Drivers/STM32F1xx_HAL_Driver/Src/stm32f1xx_hal_cortex.o
                0x0000000008000280                HAL_SYSTICK_Config
 .text.HAL_SYSTICK_CLKSourceConfig
                0x00000000080002ac       0x18 Drivers/STM32F1xx_HAL_Driver/Src/stm32f1xx_hal_cortex.o
                0x00000000080002ac                HAL_SYSTICK_CLKSourceConfig
 .text.HAL_SYSTICK_Callback
                0x00000000080002c4        0x2 Drivers/STM32F1xx_HAL_Driver/Src/stm32f1xx_hal_cortex.o
                0x00000000080002c4                HAL_SYSTICK_Callback
 .text.HAL_SYSTICK_IRQHandler
                0x00000000080002c6        0x8 Drivers/STM32F1xx_HAL_Driver/Src/stm32f1xx_hal_cortex.o
                0x00000000080002c6                HAL_SYSTICK_IRQHandler
 *fill*         0x00000000080002ce        0x2 
 .text.HAL_GPIO_Init
                0x00000000080002d0      0x1c0 Drivers/STM32F1xx_HAL_Driver/Src/stm32f1xx_hal_gpio.o
                0x00000000080002d0                HAL_GPIO_Init
 .text.HAL_GPIO_WritePin
                0x0000000008000490        0xa Drivers/STM32F1xx_HAL_Driver/Src/stm32f1xx_hal_gpio.o
                0x0000000008000490                HAL_GPIO_WritePin
 .text.HAL_GPIO_EXTI_Callback
                0x000000000800049a        0x2 Drivers/STM32F1xx_HAL_Driver/Src/stm32f1xx_hal_gpio.o
                0x000000000800049a                HAL_GPIO_EXTI_Callback
 .text.HAL_GPIO_EXTI_IRQHandler
                0x000000000800049c       0x18 Drivers/STM32F1xx_HAL_Driver/Src/stm32f1xx_hal_gpio.o
                0x000000000800049c                HAL_GPIO_EXTI_IRQHandler
 .text.HAL_RCC_OscConfig
                0x00000000080004b4      0x318 Drivers/STM32F1xx_HAL_Driver/Src/stm32f1xx_hal_rcc.o
                0x00000000080004b4                HAL_RCC_OscConfig
 .text.HAL_RCC_GetSysClockFreq
                0x00000000080007cc       0x78 Drivers/STM32F1xx_HAL_Driver/Src/stm32f1xx_hal_rcc.o
                0x00000000080007cc                HAL_RCC_GetSysClockFreq
 .text.HAL_RCC_ClockConfig
                0x0000000008000844      0x148 Drivers/STM32F1xx_HAL_Driver/Src/stm32f1xx_hal_rcc.o
                0x0000000008000844                HAL_RCC_ClockConfig
 .text.HAL_RCC_GetHCLKFreq
                0x000000000800098c        0xc Drivers/STM32F1xx_HAL_Driver/Src/stm32f1xx_hal_rcc.o
                0x000000000800098c                HAL_RCC_GetHCLKFreq
 .text.HAL_RCC_GetPCLK1Freq
                0x0000000008000998       0x20 Drivers/STM32F1xx_HAL_Driver/Src/stm32f1xx_hal_rcc.o
                0x0000000008000998                HAL_RCC_GetPCLK1Freq
 .text.HAL_RCC_GetPCLK2Freq
                0x00000000080009b8       0x20 Drivers/STM32F1xx_HAL_Driver/Src/stm32f1xx_hal_rcc.o
                0x00000000080009b8                HAL_RCC_GetPCLK2Freq
 .text.HAL_SPI_Init
                0x00000000080009d8       0x76 Drivers/STM32F1xx_HAL_Driver/Src/stm32f1xx_hal_spi_ex.o
                0x00000000080009d8                HAL_SPI_Init
 *fill*         0x0000000008000a4e        0x2 
 .text.UART_SetConfig
                0x0000000008000a50      0x13c Drivers/STM32F1xx_HAL_Driver/Src/stm32f1xx_hal_uart.o
 .text.HAL_UART_Init
                0x0000000008000b8c       0x5c Drivers/STM32F1xx_HAL_Driver/Src/stm32f1xx_hal_uart.o
                0x0000000008000b8c                HAL_UART_Init
 .text.disk_status
                0x0000000008000be8       0x14 Middlewares/Third_Party/FatFs/src/diskio.o
                0x0000000008000be8                disk_status
 .text.disk_initialize
                0x0000000008000bfc       0x20 Middlewares/Third_Party/FatFs/src/diskio.o
                0x0000000008000bfc                disk_initialize
 .text.disk_read
                0x0000000008000c1c       0x1c Middlewares/Third_Party/FatFs/src/diskio.o
                0x0000000008000c1c                disk_read
 .text.disk_write
                0x0000000008000c38       0x1c Middlewares/Third_Party/FatFs/src/diskio.o
                0x0000000008000c38                disk_write
 .text.disk_ioctl
                0x0000000008000c54       0x18 Middlewares/Third_Party/FatFs/src/diskio.o
                0x0000000008000c54                disk_ioctl
 .text.mem_cpy  0x0000000008000c6c       0x14 Middlewares/Third_Party/FatFs/src/ff.o
 .text.mem_set  0x0000000008000c80        0xe Middlewares/Third_Party/FatFs/src/ff.o
 *fill*         0x0000000008000c8e        0x2 
 .text.chk_lock
                0x0000000008000c90       0x6c Middlewares/Third_Party/FatFs/src/ff.o
 .text.inc_lock
                0x0000000008000cfc       0xac Middlewares/Third_Party/FatFs/src/ff.o
 .text.sum_sfn  0x0000000008000da8       0x1e Middlewares/Third_Party/FatFs/src/ff.o
 .text.get_ldnumber
                0x0000000008000dc6       0x30 Middlewares/Third_Party/FatFs/src/ff.o
 .text.ld_clust.isra.0
                0x0000000008000df6       0x1c Middlewares/Third_Party/FatFs/src/ff.o
 .text.sync_window.part.1
                0x0000000008000e12       0x68 Middlewares/Third_Party/FatFs/src/ff.o
 .text.sync_window
                0x0000000008000e7a       0x10 Middlewares/Third_Party/FatFs/src/ff.o
 .text.move_window
                0x0000000008000e8a       0x3c Middlewares/Third_Party/FatFs/src/ff.o
 *fill*         0x0000000008000ec6        0x2 
 .text.check_fs
                0x0000000008000ec8       0x5c Middlewares/Third_Party/FatFs/src/ff.o
 .text.find_volume
                0x0000000008000f24      0x2fc Middlewares/Third_Party/FatFs/src/ff.o
 .text.clust2sect
                0x0000000008001220       0x24 Middlewares/Third_Party/FatFs/src/ff.o
                0x0000000008001220                clust2sect
 .text.get_fat  0x0000000008001244      0x118 Middlewares/Third_Party/FatFs/src/ff.o
                0x0000000008001244                get_fat
 .text.dir_sdi  0x000000000800135c       0xd8 Middlewares/Third_Party/FatFs/src/ff.o
 .text.put_fat  0x0000000008001434      0x146 Middlewares/Third_Party/FatFs/src/ff.o
                0x0000000008001434                put_fat
 .text.create_chain
                0x000000000800157a       0xc6 Middlewares/Third_Party/FatFs/src/ff.o
 .text.dir_next
                0x0000000008001640      0x158 Middlewares/Third_Party/FatFs/src/ff.o
 .text.dir_find.part.6
                0x0000000008001798      0x158 Middlewares/Third_Party/FatFs/src/ff.o
 .text.follow_path
                0x00000000080018f0      0x280 Middlewares/Third_Party/FatFs/src/ff.o
 .text.dir_register
                0x0000000008001b70      0x298 Middlewares/Third_Party/FatFs/src/ff.o
 .text.remove_chain
                0x0000000008001e08       0x72 Middlewares/Third_Party/FatFs/src/ff.o
 *fill*         0x0000000008001e7a        0x2 
 .text.f_mount  0x0000000008001e7c       0x70 Middlewares/Third_Party/FatFs/src/ff.o
                0x0000000008001e7c                f_mount
 .text.f_open   0x0000000008001eec      0x22c Middlewares/Third_Party/FatFs/src/ff.o
                0x0000000008001eec                f_open
 .text.FATFS_LinkDriverEx
                0x0000000008002118       0x44 Middlewares/Third_Party/FatFs/src/ff_gen_drv.o
                0x0000000008002118                FATFS_LinkDriverEx
 .text.FATFS_LinkDriver
                0x000000000800215c        0x6 Middlewares/Third_Party/FatFs/src/ff_gen_drv.o
                0x000000000800215c                FATFS_LinkDriver
 *fill*         0x0000000008002162        0x2 
 .text.ff_convert
                0x0000000008002164       0x3c Middlewares/Third_Party/FatFs/src/option/ccsbcs.o
                0x0000000008002164                ff_convert
 .text.ff_wtoupper
                0x00000000080021a0       0x24 Middlewares/Third_Party/FatFs/src/option/ccsbcs.o
                0x00000000080021a0                ff_wtoupper
 .text.MX_FATFS_Init
                0x00000000080021c4       0x1c Src/fatfs.o
                0x00000000080021c4                MX_FATFS_Init
 .text.get_fattime
                0x00000000080021e0        0x4 Src/fatfs.o
                0x00000000080021e0                get_fattime
 .text.MX_GPIO_Init
                0x00000000080021e4       0xac Src/gpio.o
                0x00000000080021e4                MX_GPIO_Init
 .text.SystemClock_Config
                0x0000000008002290       0x72 Src/main.o
                0x0000000008002290                SystemClock_Config
 *fill*         0x0000000008002302        0x2 
 .text.startup.main
                0x0000000008002304       0x68 Src/main.o
                0x0000000008002304                main
 .text._Error_Handler
                0x000000000800236c        0x2 Src/main.o
                0x000000000800236c                _Error_Handler
 *fill*         0x000000000800236e        0x2 
 .text.MX_SPI1_Init
                0x0000000008002370       0x4c Src/spi.o
                0x0000000008002370                MX_SPI1_Init
 .text.HAL_SPI_MspInit
                0x00000000080023bc       0x54 Src/spi.o
                0x00000000080023bc                HAL_SPI_MspInit
 .text.HAL_MspInit
                0x0000000008002410       0xa0 Src/stm32f1xx_hal_msp.o
                0x0000000008002410                HAL_MspInit
 .text.NMI_Handler
                0x00000000080024b0        0x2 Src/stm32f1xx_it.o
                0x00000000080024b0                NMI_Handler
 .text.HardFault_Handler
                0x00000000080024b2        0x2 Src/stm32f1xx_it.o
                0x00000000080024b2                HardFault_Handler
 .text.MemManage_Handler
                0x00000000080024b4        0x2 Src/stm32f1xx_it.o
                0x00000000080024b4                MemManage_Handler
 .text.BusFault_Handler
                0x00000000080024b6        0x2 Src/stm32f1xx_it.o
                0x00000000080024b6                BusFault_Handler
 .text.UsageFault_Handler
                0x00000000080024b8        0x2 Src/stm32f1xx_it.o
                0x00000000080024b8                UsageFault_Handler
 .text.SVC_Handler
                0x00000000080024ba        0x2 Src/stm32f1xx_it.o
                0x00000000080024ba                SVC_Handler
 .text.DebugMon_Handler
                0x00000000080024bc        0x2 Src/stm32f1xx_it.o
                0x00000000080024bc                DebugMon_Handler
 .text.PendSV_Handler
                0x00000000080024be        0x2 Src/stm32f1xx_it.o
                0x00000000080024be                PendSV_Handler
 .text.SysTick_Handler
                0x00000000080024c0        0xe Src/stm32f1xx_it.o
                0x00000000080024c0                SysTick_Handler
 .text.EXTI15_10_IRQHandler
                0x00000000080024ce        0x8 Src/stm32f1xx_it.o
                0x00000000080024ce                EXTI15_10_IRQHandler
 *fill*         0x00000000080024d6        0x2 
 .text.SystemInit
                0x00000000080024d8       0x4c Src/system_stm32f1xx.o
                0x00000000080024d8                SystemInit
 .text.MX_USART2_UART_Init
                0x0000000008002524       0x40 Src/usart.o
                0x0000000008002524                MX_USART2_UART_Init
 .text.HAL_UART_MspInit
                0x0000000008002564       0x40 Src/usart.o
                0x0000000008002564                HAL_UART_MspInit
 .text.USER_status
                0x00000000080025a4       0x10 Src/user_diskio.o
                0x00000000080025a4                USER_status
 .text.USER_write
                0x00000000080025b4        0x4 Src/user_diskio.o
                0x00000000080025b4                USER_write
 .text.USER_ioctl
                0x00000000080025b8        0x4 Src/user_diskio.o
                0x00000000080025b8                USER_ioctl
 .text.USER_read
                0x00000000080025bc        0x4 Src/user_diskio.o
                0x00000000080025bc                USER_read
 .text.USER_initialize
                0x00000000080025c0       0x10 Src/user_diskio.o
                0x00000000080025c0                USER_initialize
 .text.Reset_Handler
                0x00000000080025d0       0x48 startup/startup_stm32f103xb.o
                0x00000000080025d0                Reset_Handler
 .text.Default_Handler
                0x0000000008002618        0x2 startup/startup_stm32f103xb.o
                0x0000000008002618                RTC_Alarm_IRQHandler
                0x0000000008002618                EXTI2_IRQHandler
                0x0000000008002618                TIM1_CC_IRQHandler
                0x0000000008002618                PVD_IRQHandler
                0x0000000008002618                EXTI3_IRQHandler
                0x0000000008002618                EXTI0_IRQHandler
                0x0000000008002618                I2C2_EV_IRQHandler
                0x0000000008002618                ADC1_2_IRQHandler
                0x0000000008002618                SPI1_IRQHandler
                0x0000000008002618                TAMPER_IRQHandler
                0x0000000008002618                DMA1_Channel4_IRQHandler
                0x0000000008002618                USART3_IRQHandler
                0x0000000008002618                RTC_IRQHandler
                0x0000000008002618                DMA1_Channel7_IRQHandler
                0x0000000008002618                CAN1_RX1_IRQHandler
                0x0000000008002618                TIM4_IRQHandler
                0x0000000008002618                I2C1_EV_IRQHandler
                0x0000000008002618                DMA1_Channel6_IRQHandler
                0x0000000008002618                TIM3_IRQHandler
                0x0000000008002618                RCC_IRQHandler
                0x0000000008002618                TIM1_TRG_COM_IRQHandler
                0x0000000008002618                DMA1_Channel1_IRQHandler
                0x0000000008002618                Default_Handler
                0x0000000008002618                EXTI9_5_IRQHandler
                0x0000000008002618                SPI2_IRQHandler
                0x0000000008002618                DMA1_Channel5_IRQHandler
                0x0000000008002618                EXTI4_IRQHandler
                0x0000000008002618                USB_LP_CAN1_RX0_IRQHandler
                0x0000000008002618                USB_HP_CAN1_TX_IRQHandler
                0x0000000008002618                DMA1_Channel3_IRQHandler
                0x0000000008002618                TIM1_UP_IRQHandler
                0x0000000008002618                WWDG_IRQHandler
                0x0000000008002618                TIM2_IRQHandler
                0x0000000008002618                TIM1_BRK_IRQHandler
                0x0000000008002618                EXTI1_IRQHandler
                0x0000000008002618                USART2_IRQHandler
                0x0000000008002618                I2C2_ER_IRQHandler
                0x0000000008002618                DMA1_Channel2_IRQHandler
                0x0000000008002618                CAN1_SCE_IRQHandler
                0x0000000008002618                FLASH_IRQHandler
                0x0000000008002618                USART1_IRQHandler
                0x0000000008002618                I2C1_ER_IRQHandler
                0x0000000008002618                USBWakeUp_IRQHandler
 *fill*         0x000000000800261a        0x2 
 .text.__libc_init_array
                0x000000000800261c       0x48 /opt/truestudio/ARMTools/bin/../lib/gcc/arm-atollic-eabi/6.3.1/../../../../arm-atollic-eabi/lib/armv7-m/libc_nano.a(lib_a-init.o)
                0x000000000800261c                __libc_init_array
 *(.glue_7)
 .glue_7        0x0000000008002664        0x0 linker stubs
 *(.glue_7t)
 .glue_7t       0x0000000008002664        0x0 linker stubs
 *(.eh_frame)
 .eh_frame      0x0000000008002664        0x0 /opt/truestudio/ARMTools/bin/../lib/gcc/arm-atollic-eabi/6.3.1/armv7-m/crtbegin.o
 *(.init)
 .init          0x0000000008002664        0x4 /opt/truestudio/ARMTools/bin/../lib/gcc/arm-atollic-eabi/6.3.1/armv7-m/crti.o
                0x0000000008002664                _init
 .init          0x0000000008002668        0x8 /opt/truestudio/ARMTools/bin/../lib/gcc/arm-atollic-eabi/6.3.1/armv7-m/crtn.o
 *(.fini)
 .fini          0x0000000008002670        0x4 /opt/truestudio/ARMTools/bin/../lib/gcc/arm-atollic-eabi/6.3.1/armv7-m/crti.o
                0x0000000008002670                _fini
 .fini          0x0000000008002674        0x8 /opt/truestudio/ARMTools/bin/../lib/gcc/arm-atollic-eabi/6.3.1/armv7-m/crtn.o
                0x000000000800267c                . = ALIGN (0x4)
                0x000000000800267c                _etext = .

.vfp11_veneer   0x000000000800267c        0x0
 .vfp11_veneer  0x000000000800267c        0x0 linker stubs

.v4_bx          0x000000000800267c        0x0
 .v4_bx         0x000000000800267c        0x0 linker stubs

.iplt           0x000000000800267c        0x0
 .iplt          0x000000000800267c        0x0 /opt/truestudio/ARMTools/bin/../lib/gcc/arm-atollic-eabi/6.3.1/armv7-m/crtbegin.o

.rodata         0x000000000800267c      0x5b4
                0x000000000800267c                . = ALIGN (0x4)
 *(.rodata)
 .rodata        0x000000000800267c       0x10 Drivers/STM32F1xx_HAL_Driver/Src/stm32f1xx_hal_rcc.o
 *(.rodata*)
 .rodata.ExCvt  0x000000000800268c       0x80 Middlewares/Third_Party/FatFs/src/ff.o
 .rodata.LfnOfs
                0x000000000800270c        0xd Middlewares/Third_Party/FatFs/src/ff.o
 .rodata.follow_path.str1.1
                0x0000000008002719       0x10 Middlewares/Third_Party/FatFs/src/ff.o
 *fill*         0x0000000008002729        0x1 
 .rodata.Tbl    0x000000000800272a      0x100 Middlewares/Third_Party/FatFs/src/option/ccsbcs.o
 .rodata.tbl_lower.6795
                0x000000000800282a      0x1e0 Middlewares/Third_Party/FatFs/src/option/ccsbcs.o
 .rodata.tbl_upper.6796
                0x0000000008002a0a      0x1e0 Middlewares/Third_Party/FatFs/src/option/ccsbcs.o
 .rodata.main.str1.1
                0x0000000008002bea       0x11 Src/main.o
 .rodata.MX_SPI1_Init.str1.1
                0x0000000008002bfb        0xd Src/spi.o
 .rodata.AHBPrescTable
                0x0000000008002c08       0x10 Src/system_stm32f1xx.o
                0x0000000008002c08                AHBPrescTable
 .rodata.APBPrescTable
                0x0000000008002c18        0x8 Src/system_stm32f1xx.o
                0x0000000008002c18                APBPrescTable
 .rodata.MX_USART2_UART_Init.str1.1
                0x0000000008002c20        0xf Src/usart.o
                0x0000000008002c30                . = ALIGN (0x4)
 *fill*         0x0000000008002c2f        0x1 

.rel.dyn        0x0000000008002c30        0x0
 .rel.iplt      0x0000000008002c30        0x0 /opt/truestudio/ARMTools/bin/../lib/gcc/arm-atollic-eabi/6.3.1/armv7-m/crtbegin.o

.ARM.extab
 *(.ARM.extab* .gnu.linkonce.armextab.*)

.ARM            0x0000000008002c30        0x0
                0x0000000008002c30                __exidx_start = .
 *(.ARM.exidx*)
                0x0000000008002c30                __exidx_end = .

.preinit_array  0x0000000008002c30        0x0
                0x0000000008002c30                PROVIDE (__preinit_array_start, .)
 *(.preinit_array*)
                0x0000000008002c30                PROVIDE (__preinit_array_end, .)

.init_array     0x0000000008002c30        0x4
                0x0000000008002c30                PROVIDE (__init_array_start, .)
 *(SORT(.init_array.*))
 *(.init_array*)
 .init_array    0x0000000008002c30        0x4 /opt/truestudio/ARMTools/bin/../lib/gcc/arm-atollic-eabi/6.3.1/armv7-m/crtbegin.o
                0x0000000008002c34                PROVIDE (__init_array_end, .)

.fini_array     0x0000000008002c34        0x4
                [!provide]                        PROVIDE (__fini_array_start, .)
 *(SORT(.fini_array.*))
 *(.fini_array*)
 .fini_array    0x0000000008002c34        0x4 /opt/truestudio/ARMTools/bin/../lib/gcc/arm-atollic-eabi/6.3.1/armv7-m/crtbegin.o
                [!provide]                        PROVIDE (__fini_array_end, .)
                0x0000000008002c38                _sidata = LOADADDR (.data)

.data           0x0000000020000000       0x24 load address 0x0000000008002c38
                0x0000000020000000                . = ALIGN (0x4)
                0x0000000020000000                _sdata = .
 *(.data)
 *(.data*)
 .data.uwTickFreq
                0x0000000020000000        0x1 Drivers/STM32F1xx_HAL_Driver/Src/stm32f1xx_hal.o
                0x0000000020000000                uwTickFreq
 *fill*         0x0000000020000001        0x3 
 .data.uwTickPrio
                0x0000000020000004        0x4 Drivers/STM32F1xx_HAL_Driver/Src/stm32f1xx_hal.o
                0x0000000020000004                uwTickPrio
 .data.SystemCoreClock
                0x0000000020000008        0x4 Src/system_stm32f1xx.o
                0x0000000020000008                SystemCoreClock
 .data.Stat     0x000000002000000c        0x1 Src/user_diskio.o
 *fill*         0x000000002000000d        0x3 
 .data.USER_Driver
                0x0000000020000010       0x14 Src/user_diskio.o
                0x0000000020000010                USER_Driver
                0x0000000020000024                . = ALIGN (0x4)
                0x0000000020000024                _edata = .

.igot.plt       0x0000000020000024        0x0 load address 0x0000000008002c5c
 .igot.plt      0x0000000020000024        0x0 /opt/truestudio/ARMTools/bin/../lib/gcc/arm-atollic-eabi/6.3.1/armv7-m/crtbegin.o
                0x0000000020000024                . = ALIGN (0x4)

.bss            0x0000000020000024     0x2348 load address 0x0000000008002c5c
                0x0000000020000024                _sbss = .
                0x0000000020000024                __bss_start__ = _sbss
 *(.bss)
 .bss           0x0000000020000024       0x1c /opt/truestudio/ARMTools/bin/../lib/gcc/arm-atollic-eabi/6.3.1/armv7-m/crtbegin.o
 *(.bss*)
 .bss.FatFs     0x0000000020000040        0x4 Middlewares/Third_Party/FatFs/src/ff.o
 .bss.Files     0x0000000020000044       0x18 Middlewares/Third_Party/FatFs/src/ff.o
 .bss.Fsid      0x000000002000005c        0x2 Middlewares/Third_Party/FatFs/src/ff.o
 .bss.LfnBuf    0x000000002000005e      0x200 Middlewares/Third_Party/FatFs/src/ff.o
 *fill*         0x000000002000025e        0x2 
 .bss.disk      0x0000000020000260        0xc Middlewares/Third_Party/FatFs/src/ff_gen_drv.o
                0x0000000020000260                disk
 *(COMMON)
 COMMON         0x000000002000026c        0x4 Drivers/STM32F1xx_HAL_Driver/Src/stm32f1xx_hal.o
                0x000000002000026c                uwTick
 COMMON         0x0000000020000270     0x2064 Src/fatfs.o
                0x0000000020000270                USERPath
                0x0000000020000274                retUSER
                0x0000000020000278                USERFile
                0x00000000200012a4                USERFatFS
 COMMON         0x00000000200022d4       0x58 Src/spi.o
                0x00000000200022d4                hspi1
 COMMON         0x000000002000232c       0x40 Src/usart.o
                0x000000002000232c                huart2
                0x000000002000236c                . = ALIGN (0x4)
                0x000000002000236c                _ebss = .
                0x000000002000236c                __bss_end__ = _ebss

._user_heap_stack
                0x000000002000236c      0x600 load address 0x0000000008002c5c
                0x000000002000236c                . = ALIGN (0x4)
                [!provide]                        PROVIDE (end, .)
                [!provide]                        PROVIDE (_end, .)
                0x000000002000256c                . = (. + _Min_Heap_Size)
 *fill*         0x000000002000236c      0x200 
                0x000000002000296c                . = (. + _Min_Stack_Size)
 *fill*         0x000000002000256c      0x400 
                0x000000002000296c                . = ALIGN (0x4)

/DISCARD/
 libc.a(*)
 libm.a(*)
 libgcc.a(*)

.ARM.attributes
                0x0000000000000000       0x29
 *(.ARM.attributes)
 .ARM.attributes
                0x0000000000000000       0x1d /opt/truestudio/ARMTools/bin/../lib/gcc/arm-atollic-eabi/6.3.1/armv7-m/crti.o
 .ARM.attributes
                0x000000000000001d       0x2d /opt/truestudio/ARMTools/bin/../lib/gcc/arm-atollic-eabi/6.3.1/armv7-m/crtbegin.o
 .ARM.attributes
                0x000000000000004a       0x33 Drivers/STM32F1xx_HAL_Driver/Src/stm32f1xx_hal.o
 .ARM.attributes
                0x000000000000007d       0x33 Drivers/STM32F1xx_HAL_Driver/Src/stm32f1xx_hal_cortex.o
 .ARM.attributes
                0x00000000000000b0       0x33 Drivers/STM32F1xx_HAL_Driver/Src/stm32f1xx_hal_gpio.o
 .ARM.attributes
                0x00000000000000e3       0x33 Drivers/STM32F1xx_HAL_Driver/Src/stm32f1xx_hal_rcc.o
 .ARM.attributes
                0x0000000000000116       0x33 Drivers/STM32F1xx_HAL_Driver/Src/stm32f1xx_hal_spi_ex.o
 .ARM.attributes
                0x0000000000000149       0x33 Drivers/STM32F1xx_HAL_Driver/Src/stm32f1xx_hal_uart.o
 .ARM.attributes
                0x000000000000017c       0x33 Middlewares/Third_Party/FatFs/src/diskio.o
 .ARM.attributes
                0x00000000000001af       0x33 Middlewares/Third_Party/FatFs/src/ff.o
 .ARM.attributes
                0x00000000000001e2       0x33 Middlewares/Third_Party/FatFs/src/ff_gen_drv.o
 .ARM.attributes
                0x0000000000000215       0x33 Middlewares/Third_Party/FatFs/src/option/ccsbcs.o
 .ARM.attributes
                0x0000000000000248       0x33 Src/fatfs.o
 .ARM.attributes
                0x000000000000027b       0x33 Src/gpio.o
 .ARM.attributes
                0x00000000000002ae       0x33 Src/main.o
 .ARM.attributes
                0x00000000000002e1       0x33 Src/spi.o
 .ARM.attributes
                0x0000000000000314       0x33 Src/stm32f1xx_hal_msp.o
 .ARM.attributes
                0x0000000000000347       0x33 Src/stm32f1xx_it.o
 .ARM.attributes
                0x000000000000037a       0x33 Src/system_stm32f1xx.o
 .ARM.attributes
                0x00000000000003ad       0x33 Src/usart.o
 .ARM.attributes
                0x00000000000003e0       0x33 Src/user_diskio.o
 .ARM.attributes
                0x0000000000000413       0x21 startup/startup_stm32f103xb.o
 .ARM.attributes
                0x0000000000000434       0x2d /opt/truestudio/ARMTools/bin/../lib/gcc/arm-atollic-eabi/6.3.1/../../../../arm-atollic-eabi/lib/armv7-m/libc_nano.a(lib_a-init.o)
 .ARM.attributes
                0x0000000000000461       0x1d /opt/truestudio/ARMTools/bin/../lib/gcc/arm-atollic-eabi/6.3.1/armv7-m/crtn.o
OUTPUT(SD_SPI.elf elf32-littlearm)

.debug_info     0x0000000000000000    0x16150
 .debug_info    0x0000000000000000      0xfba Drivers/STM32F1xx_HAL_Driver/Src/stm32f1xx_hal.o
 .debug_info    0x0000000000000fba     0x1463 Drivers/STM32F1xx_HAL_Driver/Src/stm32f1xx_hal_cortex.o
 .debug_info    0x000000000000241d      0xe7c Drivers/STM32F1xx_HAL_Driver/Src/stm32f1xx_hal_gpio.o
 .debug_info    0x0000000000003299     0x11f7 Drivers/STM32F1xx_HAL_Driver/Src/stm32f1xx_hal_rcc.o
 .debug_info    0x0000000000004490      0xe1b Drivers/STM32F1xx_HAL_Driver/Src/stm32f1xx_hal_spi_ex.o
 .debug_info    0x00000000000052ab     0x1e00 Drivers/STM32F1xx_HAL_Driver/Src/stm32f1xx_hal_uart.o
 .debug_info    0x00000000000070ab      0xcb9 Middlewares/Third_Party/FatFs/src/diskio.o
 .debug_info    0x0000000000007d64     0x48f6 Middlewares/Third_Party/FatFs/src/ff.o
 .debug_info    0x000000000000c65a      0xcef Middlewares/Third_Party/FatFs/src/ff_gen_drv.o
 .debug_info    0x000000000000d349      0xa27 Middlewares/Third_Party/FatFs/src/option/ccsbcs.o
 .debug_info    0x000000000000dd70      0xd7b Src/fatfs.o
 .debug_info    0x000000000000eaeb      0xd2d Src/gpio.o
 .debug_info    0x000000000000f818     0x19a3 Src/main.o
 .debug_info    0x00000000000111bb     0x1061 Src/spi.o
 .debug_info    0x000000000001221c      0xcda Src/stm32f1xx_hal_msp.o
 .debug_info    0x0000000000012ef6      0xa27 Src/stm32f1xx_it.o
 .debug_info    0x000000000001391d      0xc07 Src/system_stm32f1xx.o
 .debug_info    0x0000000000014524      0xfe5 Src/usart.o
 .debug_info    0x0000000000015509      0xbdf Src/user_diskio.o
 .debug_info    0x00000000000160e8       0x68 startup/startup_stm32f103xb.o

.debug_abbrev   0x0000000000000000     0x3047
 .debug_abbrev  0x0000000000000000      0x308 Drivers/STM32F1xx_HAL_Driver/Src/stm32f1xx_hal.o
 .debug_abbrev  0x0000000000000308      0x399 Drivers/STM32F1xx_HAL_Driver/Src/stm32f1xx_hal_cortex.o
 .debug_abbrev  0x00000000000006a1      0x268 Drivers/STM32F1xx_HAL_Driver/Src/stm32f1xx_hal_gpio.o
 .debug_abbrev  0x0000000000000909      0x367 Drivers/STM32F1xx_HAL_Driver/Src/stm32f1xx_hal_rcc.o
 .debug_abbrev  0x0000000000000c70      0x1d8 Drivers/STM32F1xx_HAL_Driver/Src/stm32f1xx_hal_spi_ex.o
 .debug_abbrev  0x0000000000000e48      0x364 Drivers/STM32F1xx_HAL_Driver/Src/stm32f1xx_hal_uart.o
 .debug_abbrev  0x00000000000011ac      0x23d Middlewares/Third_Party/FatFs/src/diskio.o
 .debug_abbrev  0x00000000000013e9      0x430 Middlewares/Third_Party/FatFs/src/ff.o
 .debug_abbrev  0x0000000000001819      0x2a5 Middlewares/Third_Party/FatFs/src/ff_gen_drv.o
 .debug_abbrev  0x0000000000001abe      0x1d2 Middlewares/Third_Party/FatFs/src/option/ccsbcs.o
 .debug_abbrev  0x0000000000001c90      0x22d Src/fatfs.o
 .debug_abbrev  0x0000000000001ebd      0x206 Src/gpio.o
 .debug_abbrev  0x00000000000020c3      0x2c9 Src/main.o
 .debug_abbrev  0x000000000000238c      0x227 Src/spi.o
 .debug_abbrev  0x00000000000025b3      0x200 Src/stm32f1xx_hal_msp.o
 .debug_abbrev  0x00000000000027b3      0x217 Src/stm32f1xx_it.o
 .debug_abbrev  0x00000000000029ca      0x1eb Src/system_stm32f1xx.o
 .debug_abbrev  0x0000000000002bb5      0x227 Src/usart.o
 .debug_abbrev  0x0000000000002ddc      0x259 Src/user_diskio.o
 .debug_abbrev  0x0000000000003035       0x12 startup/startup_stm32f103xb.o

.debug_loc      0x0000000000000000     0x7635
 .debug_loc     0x0000000000000000      0x11b Drivers/STM32F1xx_HAL_Driver/Src/stm32f1xx_hal.o
 .debug_loc     0x000000000000011b      0x46b Drivers/STM32F1xx_HAL_Driver/Src/stm32f1xx_hal_cortex.o
 .debug_loc     0x0000000000000586      0x36a Drivers/STM32F1xx_HAL_Driver/Src/stm32f1xx_hal_gpio.o
 .debug_loc     0x00000000000008f0      0x4c3 Drivers/STM32F1xx_HAL_Driver/Src/stm32f1xx_hal_rcc.o
 .debug_loc     0x0000000000000db3       0x34 Drivers/STM32F1xx_HAL_Driver/Src/stm32f1xx_hal_spi_ex.o
 .debug_loc     0x0000000000000de7     0x1311 Drivers/STM32F1xx_HAL_Driver/Src/stm32f1xx_hal_uart.o
 .debug_loc     0x00000000000020f8      0x1c6 Middlewares/Third_Party/FatFs/src/diskio.o
 .debug_loc     0x00000000000022be     0x4e77 Middlewares/Third_Party/FatFs/src/ff.o
 .debug_loc     0x0000000000007135      0x216 Middlewares/Third_Party/FatFs/src/ff_gen_drv.o
 .debug_loc     0x000000000000734b      0x10d Middlewares/Third_Party/FatFs/src/option/ccsbcs.o
 .debug_loc     0x0000000000007458       0x13 Src/main.o
 .debug_loc     0x000000000000746b       0x4d Src/spi.o
 .debug_loc     0x00000000000074b8       0xcd Src/system_stm32f1xx.o
 .debug_loc     0x0000000000007585       0x4d Src/usart.o
 .debug_loc     0x00000000000075d2       0x63 Src/user_diskio.o

.debug_aranges  0x0000000000000000      0x800
 .debug_aranges
                0x0000000000000000       0xc8 Drivers/STM32F1xx_HAL_Driver/Src/stm32f1xx_hal.o
 .debug_aranges
                0x00000000000000c8       0x90 Drivers/STM32F1xx_HAL_Driver/Src/stm32f1xx_hal_cortex.o
 .debug_aranges
                0x0000000000000158       0x58 Drivers/STM32F1xx_HAL_Driver/Src/stm32f1xx_hal_gpio.o
 .debug_aranges
                0x00000000000001b0       0x88 Drivers/STM32F1xx_HAL_Driver/Src/stm32f1xx_hal_rcc.o
 .debug_aranges
                0x0000000000000238       0x20 Drivers/STM32F1xx_HAL_Driver/Src/stm32f1xx_hal_spi_ex.o
 .debug_aranges
                0x0000000000000258      0x170 Drivers/STM32F1xx_HAL_Driver/Src/stm32f1xx_hal_uart.o
 .debug_aranges
                0x00000000000003c8       0x48 Middlewares/Third_Party/FatFs/src/diskio.o
 .debug_aranges
                0x0000000000000410      0x1c0 Middlewares/Third_Party/FatFs/src/ff.o
 .debug_aranges
                0x00000000000005d0       0x40 Middlewares/Third_Party/FatFs/src/ff_gen_drv.o
 .debug_aranges
                0x0000000000000610       0x28 Middlewares/Third_Party/FatFs/src/option/ccsbcs.o
 .debug_aranges
                0x0000000000000638       0x28 Src/fatfs.o
 .debug_aranges
                0x0000000000000660       0x20 Src/gpio.o
 .debug_aranges
                0x0000000000000680       0x30 Src/main.o
 .debug_aranges
                0x00000000000006b0       0x30 Src/spi.o
 .debug_aranges
                0x00000000000006e0       0x20 Src/stm32f1xx_hal_msp.o
 .debug_aranges
                0x0000000000000700       0x50 Src/stm32f1xx_it.o
 .debug_aranges
                0x0000000000000750       0x28 Src/system_stm32f1xx.o
 .debug_aranges
                0x0000000000000778       0x30 Src/usart.o
 .debug_aranges
                0x00000000000007a8       0x30 Src/user_diskio.o
 .debug_aranges
                0x00000000000007d8       0x28 startup/startup_stm32f103xb.o

.debug_ranges   0x0000000000000000      0xa70
 .debug_ranges  0x0000000000000000       0xb8 Drivers/STM32F1xx_HAL_Driver/Src/stm32f1xx_hal.o
 .debug_ranges  0x00000000000000b8      0x128 Drivers/STM32F1xx_HAL_Driver/Src/stm32f1xx_hal_cortex.o
 .debug_ranges  0x00000000000001e0       0x60 Drivers/STM32F1xx_HAL_Driver/Src/stm32f1xx_hal_gpio.o
 .debug_ranges  0x0000000000000240       0xa0 Drivers/STM32F1xx_HAL_Driver/Src/stm32f1xx_hal_rcc.o
 .debug_ranges  0x00000000000002e0       0x10 Drivers/STM32F1xx_HAL_Driver/Src/stm32f1xx_hal_spi_ex.o
 .debug_ranges  0x00000000000002f0      0x190 Drivers/STM32F1xx_HAL_Driver/Src/stm32f1xx_hal_uart.o
 .debug_ranges  0x0000000000000480       0x38 Middlewares/Third_Party/FatFs/src/diskio.o
 .debug_ranges  0x00000000000004b8      0x368 Middlewares/Third_Party/FatFs/src/ff.o
 .debug_ranges  0x0000000000000820       0x30 Middlewares/Third_Party/FatFs/src/ff_gen_drv.o
 .debug_ranges  0x0000000000000850       0x18 Middlewares/Third_Party/FatFs/src/option/ccsbcs.o
 .debug_ranges  0x0000000000000868       0x18 Src/fatfs.o
 .debug_ranges  0x0000000000000880       0x88 Src/gpio.o
 .debug_ranges  0x0000000000000908       0x20 Src/main.o
 .debug_ranges  0x0000000000000928       0x40 Src/spi.o
 .debug_ranges  0x0000000000000968       0x30 Src/stm32f1xx_hal_msp.o
 .debug_ranges  0x0000000000000998       0x40 Src/stm32f1xx_it.o
 .debug_ranges  0x00000000000009d8       0x18 Src/system_stm32f1xx.o
 .debug_ranges  0x00000000000009f0       0x40 Src/usart.o
 .debug_ranges  0x0000000000000a30       0x20 Src/user_diskio.o
 .debug_ranges  0x0000000000000a50       0x20 startup/startup_stm32f103xb.o

.debug_line     0x0000000000000000     0x4f7b
 .debug_line    0x0000000000000000      0x3e1 Drivers/STM32F1xx_HAL_Driver/Src/stm32f1xx_hal.o
 .debug_line    0x00000000000003e1      0x3b4 Drivers/STM32F1xx_HAL_Driver/Src/stm32f1xx_hal_cortex.o
 .debug_line    0x0000000000000795      0x3cd Drivers/STM32F1xx_HAL_Driver/Src/stm32f1xx_hal_gpio.o
 .debug_line    0x0000000000000b62      0x5b5 Drivers/STM32F1xx_HAL_Driver/Src/stm32f1xx_hal_rcc.o
 .debug_line    0x0000000000001117      0x274 Drivers/STM32F1xx_HAL_Driver/Src/stm32f1xx_hal_spi_ex.o
 .debug_line    0x000000000000138b      0xbc7 Drivers/STM32F1xx_HAL_Driver/Src/stm32f1xx_hal_uart.o
 .debug_line    0x0000000000001f52      0x24e Middlewares/Third_Party/FatFs/src/diskio.o
 .debug_line    0x00000000000021a0     0x12db Middlewares/Third_Party/FatFs/src/ff.o
 .debug_line    0x000000000000347b      0x255 Middlewares/Third_Party/FatFs/src/ff_gen_drv.o
 .debug_line    0x00000000000036d0      0x246 Middlewares/Third_Party/FatFs/src/option/ccsbcs.o
 .debug_line    0x0000000000003916      0x231 Src/fatfs.o
 .debug_line    0x0000000000003b47      0x236 Src/gpio.o
 .debug_line    0x0000000000003d7d      0x393 Src/main.o
 .debug_line    0x0000000000004110      0x29f Src/spi.o
 .debug_line    0x00000000000043af      0x211 Src/stm32f1xx_hal_msp.o
 .debug_line    0x00000000000045c0      0x27c Src/stm32f1xx_it.o
 .debug_line    0x000000000000483c      0x20a Src/system_stm32f1xx.o
 .debug_line    0x0000000000004a46      0x298 Src/usart.o
 .debug_line    0x0000000000004cde      0x220 Src/user_diskio.o
 .debug_line    0x0000000000004efe       0x7d startup/startup_stm32f103xb.o

.debug_str      0x0000000000000000     0x284e
 .debug_str     0x0000000000000000      0xb98 Drivers/STM32F1xx_HAL_Driver/Src/stm32f1xx_hal.o
                                        0xc5e (size before relaxing)
 .debug_str     0x0000000000000b98      0x2e1 Drivers/STM32F1xx_HAL_Driver/Src/stm32f1xx_hal_cortex.o
                                        0xd0c (size before relaxing)
 .debug_str     0x0000000000000e79      0x1d6 Drivers/STM32F1xx_HAL_Driver/Src/stm32f1xx_hal_gpio.o
                                        0x879 (size before relaxing)
 .debug_str     0x000000000000104f      0x326 Drivers/STM32F1xx_HAL_Driver/Src/stm32f1xx_hal_rcc.o
                                        0xa57 (size before relaxing)
 .debug_str     0x0000000000001375      0x3b9 Drivers/STM32F1xx_HAL_Driver/Src/stm32f1xx_hal_spi_ex.o
                                        0xa34 (size before relaxing)
 .debug_str     0x000000000000172e      0x6c5 Drivers/STM32F1xx_HAL_Driver/Src/stm32f1xx_hal_uart.o
                                        0xfc1 (size before relaxing)
 .debug_str     0x0000000000001df3      0x109 Middlewares/Third_Party/FatFs/src/diskio.o
                                        0x70b (size before relaxing)
 .debug_str     0x0000000000001efc      0x5d0 Middlewares/Third_Party/FatFs/src/ff.o
                                        0xcba (size before relaxing)
 .debug_str     0x00000000000024cc       0xa2 Middlewares/Third_Party/FatFs/src/ff_gen_drv.o
                                        0x75c (size before relaxing)
 .debug_str     0x000000000000256e       0x49 Middlewares/Third_Party/FatFs/src/option/ccsbcs.o
                                        0x65d (size before relaxing)
 .debug_str     0x00000000000025b7       0x4d Src/fatfs.o
                                        0x7c3 (size before relaxing)
 .debug_str     0x0000000000002604       0x2b Src/gpio.o
                                        0x9e8 (size before relaxing)
 .debug_str     0x000000000000262f       0x63 Src/main.o
                                       0x1312 (size before relaxing)
 .debug_str     0x0000000000002692       0x29 Src/spi.o
                                        0xad4 (size before relaxing)
 .debug_str     0x00000000000026bb       0x1b Src/stm32f1xx_hal_msp.o
                                        0x994 (size before relaxing)
 .debug_str     0x00000000000026d6       0xbb Src/stm32f1xx_it.o
                                        0x6fd (size before relaxing)
 .debug_str     0x0000000000002791       0x4d Src/system_stm32f1xx.o
                                        0x6e2 (size before relaxing)
 .debug_str     0x00000000000027de       0x1a Src/usart.o
                                        0xabb (size before relaxing)
 .debug_str     0x00000000000027f8       0x56 Src/user_diskio.o
                                        0x70a (size before relaxing)

.comment        0x0000000000000000       0x7c
 .comment       0x0000000000000000       0x7c Drivers/STM32F1xx_HAL_Driver/Src/stm32f1xx_hal.o
                                         0x7d (size before relaxing)
 .comment       0x000000000000007c       0x7d Drivers/STM32F1xx_HAL_Driver/Src/stm32f1xx_hal_cortex.o
 .comment       0x000000000000007c       0x7d Drivers/STM32F1xx_HAL_Driver/Src/stm32f1xx_hal_gpio.o
 .comment       0x000000000000007c       0x7d Drivers/STM32F1xx_HAL_Driver/Src/stm32f1xx_hal_rcc.o
 .comment       0x000000000000007c       0x7d Drivers/STM32F1xx_HAL_Driver/Src/stm32f1xx_hal_spi_ex.o
 .comment       0x000000000000007c       0x7d Drivers/STM32F1xx_HAL_Driver/Src/stm32f1xx_hal_uart.o
 .comment       0x000000000000007c       0x7d Middlewares/Third_Party/FatFs/src/diskio.o
 .comment       0x000000000000007c       0x7d Middlewares/Third_Party/FatFs/src/ff.o
 .comment       0x000000000000007c       0x7d Middlewares/Third_Party/FatFs/src/ff_gen_drv.o
 .comment       0x000000000000007c       0x7d Middlewares/Third_Party/FatFs/src/option/ccsbcs.o
 .comment       0x000000000000007c       0x7d Src/fatfs.o
 .comment       0x000000000000007c       0x7d Src/gpio.o
 .comment       0x000000000000007c       0x7d Src/main.o
 .comment       0x000000000000007c       0x7d Src/spi.o
 .comment       0x000000000000007c       0x7d Src/stm32f1xx_hal_msp.o
 .comment       0x000000000000007c       0x7d Src/stm32f1xx_it.o
 .comment       0x000000000000007c       0x7d Src/system_stm32f1xx.o
 .comment       0x000000000000007c       0x7d Src/usart.o
 .comment       0x000000000000007c       0x7d Src/user_diskio.o

.debug_frame    0x0000000000000000     0x1568
 .debug_frame   0x0000000000000000      0x1b0 Drivers/STM32F1xx_HAL_Driver/Src/stm32f1xx_hal.o
 .debug_frame   0x00000000000001b0      0x120 Drivers/STM32F1xx_HAL_Driver/Src/stm32f1xx_hal_cortex.o
 .debug_frame   0x00000000000002d0       0xd4 Drivers/STM32F1xx_HAL_Driver/Src/stm32f1xx_hal_gpio.o
 .debug_frame   0x00000000000003a4      0x150 Drivers/STM32F1xx_HAL_Driver/Src/stm32f1xx_hal_rcc.o
 .debug_frame   0x00000000000004f4       0x28 Drivers/STM32F1xx_HAL_Driver/Src/stm32f1xx_hal_spi_ex.o
 .debug_frame   0x000000000000051c      0x4a0 Drivers/STM32F1xx_HAL_Driver/Src/stm32f1xx_hal_uart.o
 .debug_frame   0x00000000000009bc       0x94 Middlewares/Third_Party/FatFs/src/diskio.o
 .debug_frame   0x0000000000000a50      0x758 Middlewares/Third_Party/FatFs/src/ff.o
 .debug_frame   0x00000000000011a8       0x6c Middlewares/Third_Party/FatFs/src/ff_gen_drv.o
 .debug_frame   0x0000000000001214       0x38 Middlewares/Third_Party/FatFs/src/option/ccsbcs.o
 .debug_frame   0x000000000000124c       0x38 Src/fatfs.o
 .debug_frame   0x0000000000001284       0x30 Src/gpio.o
 .debug_frame   0x00000000000012b4       0x60 Src/main.o
 .debug_frame   0x0000000000001314       0x58 Src/spi.o
 .debug_frame   0x000000000000136c       0x2c Src/stm32f1xx_hal_msp.o
 .debug_frame   0x0000000000001398       0xbc Src/stm32f1xx_it.o
 .debug_frame   0x0000000000001454       0x30 Src/system_stm32f1xx.o
 .debug_frame   0x0000000000001484       0x58 Src/usart.o
 .debug_frame   0x00000000000014dc       0x60 Src/user_diskio.o
 .debug_frame   0x000000000000153c       0x2c /opt/truestudio/ARMTools/bin/../lib/gcc/arm-atollic-eabi/6.3.1/../../../../arm-atollic-eabi/lib/armv7-m/libc_nano.a(lib_a-init.o)
